Component: Arm Compiler for Embedded 6.24 Tool: armlink [5f371500]

==============================================================================

Section Cross References

    main.o(.text.threadA) refers to rtx_delay.o(.text.osDelay) for osDelay
    main.o(.text.threadA) refers to puts.o(i.puts) for puts
    main.o(.ARM.exidx.text.threadA) refers to main.o(.text.threadA) for [Anonymous Symbol]
    main.o(.text.main) refers to board.o(.text.BOARD_RdcInit) for BOARD_RdcInit
    main.o(.text.main) refers to board.o(.text.BOARD_ClockInit) for BOARD_ClockInit
    main.o(.text.main) refers to system_iMX7D_M4.o(.text.SystemCoreClockUpdate) for SystemCoreClockUpdate
    main.o(.text.main) refers to retarget_io_user.o(.text.InitRetargetIOUSART) for InitRetargetIOUSART
    main.o(.text.main) refers to rtx_kernel.o(.text.osKernelInitialize) for osKernelInitialize
    main.o(.text.main) refers to main.o(.text.threadA) for threadA
    main.o(.text.main) refers to rtx_thread.o(.text.osThreadNew) for osThreadNew
    main.o(.text.main) refers to rtx_kernel.o(.text.osKernelStart) for osKernelStart
    main.o(.ARM.exidx.text.main) refers to main.o(.text.main) for [Anonymous Symbol]
    retarget_io.o(.text.fputc) refers to stdout.o(.data) for __stdout
    retarget_io.o(.text.fputc) refers to retarget_io_user.o(.text.stdout_putchar) for stdout_putchar
    retarget_io.o(.text.fputc) refers to stderr.o(.data) for __stderr
    retarget_io.o(.text.fputc) refers to retarget_io_user.o(.text.stderr_putchar) for stderr_putchar
    retarget_io.o(.ARM.exidx.text.fputc) refers to retarget_io.o(.text.fputc) for [Anonymous Symbol]
    retarget_io.o(.text.fgetc) refers to stdin.o(.data) for __stdin
    retarget_io.o(.text.fgetc) refers to retarget_io.o(.bss.getchar_undo) for getchar_undo
    retarget_io.o(.text.fgetc) refers to retarget_io.o(.data.getchar_ch) for getchar_ch
    retarget_io.o(.text.fgetc) refers to retarget_io_user.o(.text.stdin_getchar) for stdin_getchar
    retarget_io.o(.ARM.exidx.text.fgetc) refers to retarget_io.o(.text.fgetc) for [Anonymous Symbol]
    retarget_io.o(.text.__backspace) refers to stdin.o(.data) for __stdin
    retarget_io.o(.text.__backspace) refers to retarget_io.o(.data.getchar_ch) for getchar_ch
    retarget_io.o(.text.__backspace) refers to retarget_io.o(.bss.getchar_undo) for getchar_undo
    retarget_io.o(.ARM.exidx.text.__backspace) refers to retarget_io.o(.text.__backspace) for [Anonymous Symbol]
    retarget_io.o(.text.__aeabi_assert) refers to stderr.o(.data) for __stderr
    retarget_io.o(.text.__aeabi_assert) refers to fwrite.o(i.fwrite) for fwrite
    retarget_io.o(.text.__aeabi_assert) refers to fputs.o(i.fputs) for fputs
    retarget_io.o(.text.__aeabi_assert) refers to retarget_io.o(.text.abort) for abort
    retarget_io.o(.ARM.exidx.text.__aeabi_assert) refers to retarget_io.o(.text.__aeabi_assert) for [Anonymous Symbol]
    retarget_io.o(.ARM.exidx.text.abort) refers to retarget_io.o(.text.abort) for [Anonymous Symbol]
    os_systick.o(.text.OS_Tick_Setup) refers to system_iMX7D_M4.o(.data.SystemCoreClock) for SystemCoreClock
    os_systick.o(.text.OS_Tick_Setup) refers to os_systick.o(.bss.os) for PendST
    os_systick.o(.ARM.exidx.text.OS_Tick_Setup) refers to os_systick.o(.text.OS_Tick_Setup) for [Anonymous Symbol]
    os_systick.o(.text.OS_Tick_Enable) refers to os_systick.o(.bss.os) for PendST
    os_systick.o(.ARM.exidx.text.OS_Tick_Enable) refers to os_systick.o(.text.OS_Tick_Enable) for [Anonymous Symbol]
    os_systick.o(.text.OS_Tick_Disable) refers to os_systick.o(.bss.os) for PendST
    os_systick.o(.ARM.exidx.text.OS_Tick_Disable) refers to os_systick.o(.text.OS_Tick_Disable) for [Anonymous Symbol]
    os_systick.o(.ARM.exidx.text.OS_Tick_AcknowledgeIRQ) refers to os_systick.o(.text.OS_Tick_AcknowledgeIRQ) for [Anonymous Symbol]
    os_systick.o(.ARM.exidx.text.OS_Tick_GetIRQn) refers to os_systick.o(.text.OS_Tick_GetIRQn) for [Anonymous Symbol]
    os_systick.o(.text.OS_Tick_GetClock) refers to system_iMX7D_M4.o(.data.SystemCoreClock) for SystemCoreClock
    os_systick.o(.ARM.exidx.text.OS_Tick_GetClock) refers to os_systick.o(.text.OS_Tick_GetClock) for [Anonymous Symbol]
    os_systick.o(.ARM.exidx.text.OS_Tick_GetInterval) refers to os_systick.o(.text.OS_Tick_GetInterval) for [Anonymous Symbol]
    os_systick.o(.ARM.exidx.text.OS_Tick_GetCount) refers to os_systick.o(.text.OS_Tick_GetCount) for [Anonymous Symbol]
    os_systick.o(.ARM.exidx.text.OS_Tick_GetOverflow) refers to os_systick.o(.text.OS_Tick_GetOverflow) for [Anonymous Symbol]
    irq_armv7m.o(.text) refers to rtx_thread.o(.text.osRtxThreadStackCheck) for osRtxThreadStackCheck
    irq_armv7m.o(.text) refers to rtx_kernel.o(.text.osRtxKernelErrorNotify) for osRtxKernelErrorNotify
    irq_armv7m.o(.text) refers to rtx_system.o(.text.osRtxPendSV_Handler) for osRtxPendSV_Handler
    irq_armv7m.o(.text) refers to rtx_system.o(.text.osRtxTick_Handler) for osRtxTick_Handler
[...]
    Removing rdc_semaphore.o(.text.RDC_SEMAPHORE_GetLockDomainID), (36 bytes).
    Removing rdc_semaphore.o(.ARM.exidx.text.RDC_SEMAPHORE_GetLockDomainID), (8 bytes).
    Removing rdc_semaphore.o(.text.RDC_SEMAPHORE_GetLockMaster), (44 bytes).
    Removing rdc_semaphore.o(.ARM.exidx.text.RDC_SEMAPHORE_GetLockMaster), (8 bytes).
    Removing rdc_semaphore.o(.text.RDC_SEMAPHORE_Reset), (128 bytes).
    Removing rdc_semaphore.o(.ARM.exidx.text.RDC_SEMAPHORE_Reset), (8 bytes).
    Removing rdc_semaphore.o(.text.RDC_SEMAPHORE_ResetAll), (104 bytes).
    Removing rdc_semaphore.o(.ARM.exidx.text.RDC_SEMAPHORE_ResetAll), (8 bytes).
    Removing rdc_semaphore.o(.rodata.str1.1), (75 bytes).
    Removing uart_imx.o(.text), (0 bytes).
    Removing uart_imx.o(.ARM.exidx.text.UART_Init), (8 bytes).
    Removing uart_imx.o(.text.UART_Deinit), (94 bytes).
    Removing uart_imx.o(.ARM.exidx.text.UART_Deinit), (8 bytes).
    Removing uart_imx.o(.ARM.exidx.text.UART_SetBaudRate), (8 bytes).
    Removing uart_imx.o(.text.UART_SetInvertCmd), (164 bytes).
    Removing uart_imx.o(.ARM.exidx.text.UART_SetInvertCmd), (8 bytes).
    Removing uart_imx.o(.text.UART_SetDozeMode), (22 bytes).
    Removing uart_imx.o(.ARM.exidx.text.UART_SetDozeMode), (8 bytes).
    Removing uart_imx.o(.text.UART_SetLowPowerMode), (20 bytes).
    Removing uart_imx.o(.ARM.exidx.text.UART_SetLowPowerMode), (8 bytes).
    Removing uart_imx.o(.text.UART_SetIntCmd), (28 bytes).
    Removing uart_imx.o(.ARM.exidx.text.UART_SetIntCmd), (8 bytes).
    Removing uart_imx.o(.text.UART_GetStatusFlag), (14 bytes).
    Removing uart_imx.o(.ARM.exidx.text.UART_GetStatusFlag), (8 bytes).
    Removing uart_imx.o(.text.UART_ClearStatusFlag), (20 bytes).
    Removing uart_imx.o(.ARM.exidx.text.UART_ClearStatusFlag), (8 bytes).
    Removing uart_imx.o(.text.UART_SetDmaCmd), (28 bytes).
    Removing uart_imx.o(.ARM.exidx.text.UART_SetDmaCmd), (8 bytes).
    Removing uart_imx.o(.text.UART_SetRtsFlowCtrlCmd), (22 bytes).
    Removing uart_imx.o(.ARM.exidx.text.UART_SetRtsFlowCtrlCmd), (8 bytes).
    Removing uart_imx.o(.text.UART_SetCtsFlowCtrlCmd), (18 bytes).
    Removing uart_imx.o(.ARM.exidx.text.UART_SetCtsFlowCtrlCmd), (8 bytes).
    Removing uart_imx.o(.text.UART_SetCtsPinLevel), (18 bytes).
    Removing uart_imx.o(.ARM.exidx.text.UART_SetCtsPinLevel), (8 bytes).
    Removing uart_imx.o(.text.UART_SetModemMode), (112 bytes).
    Removing uart_imx.o(.ARM.exidx.text.UART_SetModemMode), (8 bytes).
    Removing uart_imx.o(.text.UART_SetDtrPinLevel), (18 bytes).
    Removing uart_imx.o(.ARM.exidx.text.UART_SetDtrPinLevel), (8 bytes).
    Removing uart_imx.o(.text.UART_SetDcdPinLevel), (18 bytes).
    Removing uart_imx.o(.ARM.exidx.text.UART_SetDcdPinLevel), (8 bytes).
    Removing uart_imx.o(.text.UART_SetRiPinLevel), (18 bytes).
    Removing uart_imx.o(.ARM.exidx.text.UART_SetRiPinLevel), (8 bytes).
    Removing uart_imx.o(.text.UAER_Putchar9), (68 bytes).
    Removing uart_imx.o(.ARM.exidx.text.UAER_Putchar9), (8 bytes).
    Removing uart_imx.o(.text.UAER_Getchar9), (18 bytes).
    Removing uart_imx.o(.ARM.exidx.text.UAER_Getchar9), (8 bytes).
    Removing uart_imx.o(.text.UART_SetMultidropMode), (16 bytes).
    Removing uart_imx.o(.ARM.exidx.text.UART_SetMultidropMode), (8 bytes).
    Removing uart_imx.o(.text.UART_SetSlaveAddressDetectCmd), (18 bytes).
    Removing uart_imx.o(.ARM.exidx.text.UART_SetSlaveAddressDetectCmd), (8 bytes).
    Removing uart_imx.o(.text.UART_SetIrDACmd), (18 bytes).
    Removing uart_imx.o(.ARM.exidx.text.UART_SetIrDACmd), (8 bytes).
    Removing uart_imx.o(.text.UART_SetIrDAVoteClock), (58 bytes).
    Removing uart_imx.o(.ARM.exidx.text.UART_SetIrDAVoteClock), (8 bytes).
    Removing uart_imx.o(.text.UART_SetAutoBaudRateCmd), (18 bytes).
    Removing uart_imx.o(.ARM.exidx.text.UART_SetAutoBaudRateCmd), (8 bytes).
    Removing uart_imx.o(.text.UART_SendBreakChar), (18 bytes).
    Removing uart_imx.o(.ARM.exidx.text.UART_SendBreakChar), (8 bytes).
    Removing uart_imx.o(.text.UART_SetEscapeDecectCmd), (18 bytes).
    Removing uart_imx.o(.ARM.exidx.text.UART_SetEscapeDecectCmd), (8 bytes).

886 unused section(s) (total 22412 bytes) removed from the image.

==============================================================================

Image Symbol Table

    Local Symbols

    Symbol Name                              Value     Ov Type        Size  Object(Section)

    ../clib/microlib/init/entry.s            0x00000000   Number         0  entry.o ABSOLUTE
    ../clib/microlib/init/entry.s            0x00000000   Number         0  entry2.o ABSOLUTE
    ../clib/microlib/init/entry.s            0x00000000   Number         0  entry5.o ABSOLUTE
    ../clib/microlib/init/entry.s            0x00000000   Number         0  entry7a.o ABSOLUTE
    ../clib/microlib/init/entry.s            0x00000000   Number         0  entry7b.o ABSOLUTE
    ../clib/microlib/init/entry.s            0x00000000   Number         0  entry8a.o ABSOLUTE
    ../clib/microlib/init/entry.s            0x00000000   Number         0  entry8b.o ABSOLUTE
    ../clib/microlib/init/entry.s            0x00000000   Number         0  entry9a.o ABSOLUTE
    ../clib/microlib/init/entry.s            0x00000000   Number         0  entry9b.o ABSOLUTE
    ../clib/microlib/init/entry.s            0x00000000   Number         0  entry10a.o ABSOLUTE
    ../clib/microlib/init/entry.s            0x00000000   Number         0  entry10b.o ABSOLUTE
    ../clib/microlib/init/entry.s            0x00000000   Number         0  entry11a.o ABSOLUTE
    ../clib/microlib/init/entry.s            0x00000000   Number         0  entry11b.o ABSOLUTE
    ../clib/microlib/stdio/fputs.c           0x00000000   Number         0  fputs.o ABSOLUTE
    ../clib/microlib/stdio/fputs.c           0x00000000   Number         0  fputs_e.o ABSOLUTE
    ../clib/microlib/stdio/fwrite.c          0x00000000   Number         0  fwrite.o ABSOLUTE
    ../clib/microlib/stdio/fwrite.c          0x00000000   Number         0  fwrite_e.o ABSOLUTE
    ../clib/microlib/stdio/puts.c            0x00000000   Number         0  puts.o ABSOLUTE
    ../clib/microlib/stdio/puts.c            0x00000000   Number         0  puts_e.o ABSOLUTE
    ../clib/microlib/stdio/streams.c         0x00000000   Number         0  stdin.o ABSOLUTE
    ../clib/microlib/stdio/streams.c         0x00000000   Number         0  stdout.o ABSOLUTE
    ../clib/microlib/stdio/streams.c         0x00000000   Number         0  stderr.o ABSOLUTE
    ../clib/microlib/string/memcpy.c         0x00000000   Number         0  memcpya.o ABSOLUTE
    ../clib/microlib/string/memcpy.c         0x00000000   Number         0  memcpyb.o ABSOLUTE
    ../clib/microlib/string/memset.c         0x00000000   Number         0  memseta.o ABSOLUTE
    ../clib/microlib/stubs.s                 0x00000000   Number         0  useno.o ABSOLUTE
    C:/MDK_Projects/i.MX7_test/Blank_solution/Cortex-M4/RTE/Device/MCIMX7D7_Cortex-M4/startup_iMX7D_M4.s 0x00000000   Number         0  startup_iMX7D_M4.o ABSOLUTE
    RTX_Config.c                             0x00000000   Number         0  RTX_Config.o ABSOLUTE
    board.c                                  0x00000000   Number         0  board.o ABSOLUTE
    ccm_analog_imx7d.c                       0x00000000   Number         0  ccm_analog_imx7d.o ABSOLUTE
    ccm_imx7d.c                              0x00000000   Number         0  ccm_imx7d.o ABSOLUTE
    clock_freq.c                             0x00000000   Number         0  clock_freq.o ABSOLUTE
    dc.s                                     0x00000000   Number         0  dc.o ABSOLUTE
    handlers.s                               0x00000000   Number         0  handlers.o ABSOLUTE
    init.s                                   0x00000000   Number         0  init.o ABSOLUTE
    main.c                                   0x00000000   Number         0  main.o ABSOLUTE
    os_systick.c                             0x00000000   Number         0  os_systick.o ABSOLUTE
    pin_mux.c                                0x00000000   Number         0  pin_mux.o ABSOLUTE
    rdc.c                                    0x00000000   Number         0  rdc.o ABSOLUTE
    rdc_semaphore.c                          0x00000000   Number         0  rdc_semaphore.o ABSOLUTE
    retarget_io.c                            0x00000000   Number         0  retarget_io.o ABSOLUTE
    retarget_io_user.c                       0x00000000   Number         0  retarget_io_user.o ABSOLUTE
    rtx_delay.c                              0x00000000   Number         0  rtx_delay.o ABSOLUTE
    rtx_evflags.c                            0x00000000   Number         0  rtx_evflags.o ABSOLUTE
    rtx_evr.c                                0x00000000   Number         0  rtx_evr.o ABSOLUTE
    rtx_kernel.c                             0x00000000   Number         0  rtx_kernel.o ABSOLUTE
    rtx_lib.c                                0x00000000   Number         0  rtx_lib.o ABSOLUTE
    rtx_memory.c                             0x00000000   Number         0  rtx_memory.o ABSOLUTE
    rtx_mempool.c                            0x00000000   Number         0  rtx_mempool.o ABSOLUTE
    rtx_msgqueue.c                           0x00000000   Number         0  rtx_msgqueue.o ABSOLUTE
    rtx_mutex.c                              0x00000000   Number         0  rtx_mutex.o ABSOLUTE
    rtx_semaphore.c                          0x00000000   Number         0  rtx_semaphore.o ABSOLUTE
    rtx_system.c                             0x00000000   Number         0  rtx_system.o ABSOLUTE
    rtx_thread.c                             0x00000000   Number         0  rtx_thread.o ABSOLUTE
    rtx_timer.c                              0x00000000   Number         0  rtx_timer.o ABSOLUTE
    system_iMX7D_M4.c                        0x00000000   Number         0  system_iMX7D_M4.o ABSOLUTE
    uart_imx.c                               0x00000000   Number         0  uart_imx.o ABSOLUTE
    FPU_USED                                 0x00000001   Number         0  irq_armv7m.o ABSOLUTE
    osRtxErrorStackOverflow                  0x00000001   Number         0  irq_armv7m.o ABSOLUTE
    osRtxErrorSVC                            0x00000006   Number         0  irq_armv7m.o ABSOLUTE
    I_T_RUN_OFS                              0x00000014   Number         0  irq_armv7m.o ABSOLUTE
    TCB_SF_OFS                               0x00000022   Number         0  irq_armv7m.o ABSOLUTE
    TCB_SP_OFS                               0x00000038   Number         0  irq_armv7m.o ABSOLUTE
    TCB_ZONE_OFS                             0x00000044   Number         0  irq_armv7m.o ABSOLUTE
    RESET                                    0x1fff8000   Section      576  startup_iMX7D_M4.o(RESET)
    .ARM.Collect$$$$00000000                 0x1fff8240   Section        0  entry.o(.ARM.Collect$$$$00000000)
    .ARM.Collect$$$$00000001                 0x1fff8240   Section        4  entry2.o(.ARM.Collect$$$$00000001)
    .ARM.Collect$$$$00000004                 0x1fff8244   Section        4  entry5.o(.ARM.Collect$$$$00000004)
    .ARM.Collect$$$$00000008                 0x1fff8248   Section        0  entry7b.o(.ARM.Collect$$$$00000008)
    .ARM.Collect$$$$0000000A                 0x1fff8248   Section        0  entry8b.o(.ARM.Collect$$$$0000000A)
    .ARM.Collect$$$$0000000B                 0x1fff8248   Section        8  entry9a.o(.ARM.Collect$$$$0000000B)
    __lit__00000000                          0x1fff8250   Data           4  entry2.o(.ARM.Collect$$$$00002712)
    .ARM.Collect$$$$0000000D                 0x1fff8250   Section        0  entry10a.o(.ARM.Collect$$$$0000000D)
    .ARM.Collect$$$$0000000F                 0x1fff8250   Section        0  entry11a.o(.ARM.Collect$$$$0000000F)
    .ARM.Collect$$$$00002712                 0x1fff8250   Section        4  entry2.o(.ARM.Collect$$$$00002712)
    [Anonymous Symbol]                       0x1fff8254   Section        0  irq_armv7m.o(.text)
    SVC_Context                              0x1fff827c   Number         0  irq_armv7m.o(.text)
    SVC_FP_LazyState                         0x1fff828c   Number         0  irq_armv7m.o(.text)
    SVC_ContextSave                          0x1fff829e   Number         0  irq_armv7m.o(.text)
    SVC_ContextSaveRegs                      0x1fff82d6   Number         0  irq_armv7m.o(.text)
    SVC_ContextRestore                       0x1fff82ec   Number         0  irq_armv7m.o(.text)
    SVC_Exit                                 0x1fff8306   Number         0  irq_armv7m.o(.text)
    SVC_User                                 0x1fff8308   Number         0  irq_armv7m.o(.text)
    $v0                                      0x1fff8354   Number         0  startup_iMX7D_M4.o(.text)
    .text                                    0x1fff8354   Section       40  startup_iMX7D_M4.o(.text)
    .text                                    0x1fff837c   Section        0  memcpya.o(.text)
    .text                                    0x1fff83a0   Section        0  memseta.o(.text)
    .text                                    0x1fff83c4   Section       48  init.o(.text)
    [Anonymous Symbol]                       0x1fff83f4   Section        0  board.o(.text.BOARD_ClockInit)
    [Anonymous Symbol]                       0x1fff8484   Section        0  board.o(.text.BOARD_RdcInit)
    [Anonymous Symbol]                       0x1fff849c   Section        0  ccm_analog_imx7d.o(.text.CCM_ANALOG_GetSysPllFreq)
    [Anonymous Symbol]                       0x1fff84cc   Section        0  ccm_imx7d.o(.text.CCM_GetRootDivider)
    [Anonymous Symbol]                       0x1fff8500   Section        0  ccm_imx7d.o(.text.CCM_UpdateRoot)
    [Anonymous Symbol]                       0x1fff855c   Section        0  rtx_evr.o(.text.EvrRtxDelay)
    [Anonymous Symbol]                       0x1fff8560   Section        0  rtx_evr.o(.text.EvrRtxDelayCompleted)
    [Anonymous Symbol]                       0x1fff8564   Section        0  rtx_evr.o(.text.EvrRtxDelayError)
    [Anonymous Symbol]                       0x1fff8568   Section        0  rtx_evr.o(.text.EvrRtxDelayStarted)
    [Anonymous Symbol]                       0x1fff856c   Section        0  rtx_evr.o(.text.EvrRtxEventFlagsWaitTimeout)
    [Anonymous Symbol]                       0x1fff8570   Section        0  rtx_evr.o(.text.EvrRtxKernelError)
    [Anonymous Symbol]                       0x1fff8574   Section        0  rtx_evr.o(.text.EvrRtxKernelErrorNotify)
    [Anonymous Symbol]                       0x1fff8578   Section        0  rtx_evr.o(.text.EvrRtxKernelInitialize)
    [Anonymous Symbol]                       0x1fff857c   Section        0  rtx_evr.o(.text.EvrRtxKernelInitialized)
    [Anonymous Symbol]                       0x1fff8580   Section        0  rtx_evr.o(.text.EvrRtxKernelStart)
    [Anonymous Symbol]                       0x1fff8584   Section        0  rtx_evr.o(.text.EvrRtxKernelStarted)
    [Anonymous Symbol]                       0x1fff8588   Section        0  rtx_evr.o(.text.EvrRtxMemoryAlloc)
    [Anonymous Symbol]                       0x1fff858c   Section        0  rtx_evr.o(.text.EvrRtxMemoryBlockAlloc)
    [Anonymous Symbol]                       0x1fff8590   Section        0  rtx_evr.o(.text.EvrRtxMemoryBlockFree)
    [Anonymous Symbol]                       0x1fff8594   Section        0  rtx_evr.o(.text.EvrRtxMemoryBlockInit)
    [Anonymous Symbol]                       0x1fff8598   Section        0  rtx_evr.o(.text.EvrRtxMemoryFree)
    [Anonymous Symbol]                       0x1fff859c   Section        0  rtx_evr.o(.text.EvrRtxMemoryInit)
    [Anonymous Symbol]                       0x1fff85a0   Section        0  rtx_evr.o(.text.EvrRtxMemoryPoolAllocTimeout)
    [Anonymous Symbol]                       0x1fff85a4   Section        0  rtx_evr.o(.text.EvrRtxMessageQueueCreated)
    [Anonymous Symbol]                       0x1fff85a8   Section        0  rtx_evr.o(.text.EvrRtxMessageQueueError)
    [Anonymous Symbol]                       0x1fff85ac   Section        0  rtx_evr.o(.text.EvrRtxMessageQueueGet)
    [Anonymous Symbol]                       0x1fff85b0   Section        0  rtx_evr.o(.text.EvrRtxMessageQueueGetPending)
    [Anonymous Symbol]                       0x1fff85b4   Section        0  rtx_evr.o(.text.EvrRtxMessageQueueGetTimeout)
    [Anonymous Symbol]                       0x1fff85b8   Section        0  rtx_evr.o(.text.EvrRtxMessageQueueInsertPending)
    [Anonymous Symbol]                       0x1fff85bc   Section        0  rtx_evr.o(.text.EvrRtxMessageQueueInserted)
    [Anonymous Symbol]                       0x1fff85c0   Section        0  rtx_evr.o(.text.EvrRtxMessageQueueNotInserted)
    [Anonymous Symbol]                       0x1fff85c4   Section        0  rtx_evr.o(.text.EvrRtxMessageQueueNotRetrieved)
    [Anonymous Symbol]                       0x1fff85c8   Section        0  rtx_evr.o(.text.EvrRtxMessageQueuePut)
    [Anonymous Symbol]                       0x1fff85cc   Section        0  rtx_evr.o(.text.EvrRtxMessageQueuePutPending)
    [Anonymous Symbol]                       0x1fff85d0   Section        0  rtx_evr.o(.text.EvrRtxMessageQueuePutTimeout)
    [Anonymous Symbol]                       0x1fff85d4   Section        0  rtx_evr.o(.text.EvrRtxMessageQueueRetrieved)
    [Anonymous Symbol]                       0x1fff85d8   Section        0  rtx_evr.o(.text.EvrRtxMutexAcquireTimeout)
    [Anonymous Symbol]                       0x1fff85dc   Section        0  rtx_evr.o(.text.EvrRtxMutexAcquired)
    [Anonymous Symbol]                       0x1fff85e0   Section        0  rtx_evr.o(.text.EvrRtxMutexReleased)
    [Anonymous Symbol]                       0x1fff85e4   Section        0  rtx_evr.o(.text.EvrRtxSemaphoreAcquireTimeout)
    [Anonymous Symbol]                       0x1fff85e8   Section        0  rtx_evr.o(.text.EvrRtxThreadBlocked)
    [Anonymous Symbol]                       0x1fff85ec   Section        0  rtx_evr.o(.text.EvrRtxThreadCreated)
    [Anonymous Symbol]                       0x1fff85f0   Section        0  rtx_evr.o(.text.EvrRtxThreadDestroyed)
    [Anonymous Symbol]                       0x1fff85f4   Section        0  rtx_evr.o(.text.EvrRtxThreadError)
    [Anonymous Symbol]                       0x1fff85f8   Section        0  rtx_evr.o(.text.EvrRtxThreadExit)
    [Anonymous Symbol]                       0x1fff85fc   Section        0  rtx_evr.o(.text.EvrRtxThreadFlagsWaitCompleted)
    [Anonymous Symbol]                       0x1fff8600   Section        0  rtx_evr.o(.text.EvrRtxThreadFlagsWaitTimeout)
    [Anonymous Symbol]                       0x1fff8604   Section        0  rtx_evr.o(.text.EvrRtxThreadJoined)
    [Anonymous Symbol]                       0x1fff8608   Section        0  rtx_evr.o(.text.EvrRtxThreadNew)
    [Anonymous Symbol]                       0x1fff860c   Section        0  rtx_evr.o(.text.EvrRtxThreadPreempted)
    [Anonymous Symbol]                       0x1fff8610   Section        0  rtx_evr.o(.text.EvrRtxThreadSwitched)
    [Anonymous Symbol]                       0x1fff8614   Section        0  rtx_evr.o(.text.EvrRtxThreadUnblocked)
    [Anonymous Symbol]                       0x1fff8618   Section        0  rtx_evr.o(.text.EvrRtxTimerCallback)
    [Anonymous Symbol]                       0x1fff861c   Section        0  retarget_io_user.o(.text.InitRetargetIOUSART)
    [Anonymous Symbol]                       0x1fff8620   Section        0  os_systick.o(.text.OS_Tick_AcknowledgeIRQ)
    [Anonymous Symbol]                       0x1fff862c   Section        0  os_systick.o(.text.OS_Tick_Enable)
    [Anonymous Symbol]                       0x1fff8660   Section        0  os_systick.o(.text.OS_Tick_GetIRQn)
    [Anonymous Symbol]                       0x1fff8668   Section        0  os_systick.o(.text.OS_Tick_Setup)
    [Anonymous Symbol]                       0x1fff86b0   Section        0  system_iMX7D_M4.o(.text.SystemCoreClockUpdate)
    [Anonymous Symbol]                       0x1fff86c4   Section        0  system_iMX7D_M4.o(.text.SystemInit)
    [Anonymous Symbol]                       0x1fff86e4   Section        0  uart_imx.o(.text.UART_Init)
    [Anonymous Symbol]                       0x1fff87a8   Section        0  uart_imx.o(.text.UART_SetBaudRate)
    [Anonymous Symbol]                       0x1fff88b0   Section        0  retarget_io.o(.text.__aeabi_assert)
    [Anonymous Symbol]                       0x1fff8960   Section        0  retarget_io.o(.text.abort)
    [Anonymous Symbol]                       0x1fff8964   Section        0  pin_mux.o(.text.configure_uart_pins)
    [Anonymous Symbol]                       0x1fff8998   Section        0  board.o(.text.dbg_uart_init)
    [Anonymous Symbol]                       0x1fff8a18   Section        0  retarget_io.o(.text.fputc)
    [Anonymous Symbol]                       0x1fff8a40   Section        0  clock_freq.o(.text.get_uart_clock_freq)
    [Anonymous Symbol]                       0x1fff8ab0   Section        0  main.o(.text.main)
    [Anonymous Symbol]                       0x1fff8adc   Section        0  rtx_delay.o(.text.osDelay)
    [Anonymous Symbol]                       0x1fff8b14   Section        0  rtx_kernel.o(.text.osKernelInitialize)
    [Anonymous Symbol]                       0x1fff8b4c   Section        0  rtx_kernel.o(.text.osKernelStart)
    [Anonymous Symbol]                       0x1fff8b80   Section        0  rtx_msgqueue.o(.text.osMessageQueueGet)
    [Anonymous Symbol]                       0x1fff8c54   Section        0  rtx_msgqueue.o(.text.osMessageQueuePut)
    [Anonymous Symbol]                       0x1fff8cfc   Section        0  RTX_Config.o(.text.osRtxErrorNotify)
    [Anonymous Symbol]                       0x1fff8d00   Section        0  RTX_Config.o(.text.osRtxIdleThread)
    [Anonymous Symbol]                       0x1fff8d04   Section        0  rtx_kernel.o(.text.osRtxKernelBeforeInit)
    [Anonymous Symbol]                       0x1fff8d08   Section        0  rtx_kernel.o(.text.osRtxKernelErrorNotify)
    [Anonymous Symbol]                       0x1fff8d20   Section        0  rtx_memory.o(.text.osRtxMemoryAlloc)
    [Anonymous Symbol]                       0x1fff8da0   Section        0  rtx_memory.o(.text.osRtxMemoryFree)
    [Anonymous Symbol]                       0x1fff8df8   Section        0  rtx_memory.o(.text.osRtxMemoryInit)
    [Anonymous Symbol]                       0x1fff8e38   Section        0  rtx_mempool.o(.text.osRtxMemoryPoolAlloc)
    [Anonymous Symbol]                       0x1fff8e7c   Section        0  rtx_mempool.o(.text.osRtxMemoryPoolFree)
    [Anonymous Symbol]                       0x1fff8ed4   Section        0  rtx_mempool.o(.text.osRtxMemoryPoolInit)
    osRtxMessageQueuePostProcess             0x1fff8f2d   Thumb Code   444  rtx_msgqueue.o(.text.osRtxMessageQueuePostProcess)
    [Anonymous Symbol]                       0x1fff8f2c   Section        0  rtx_msgqueue.o(.text.osRtxMessageQueuePostProcess)
    [Anonymous Symbol]                       0x1fff90e8   Section        0  rtx_msgqueue.o(.text.osRtxMessageQueueTimerSetup)
    [Anonymous Symbol]                       0x1fff9114   Section        0  rtx_mutex.o(.text.osRtxMutexOwnerRelease)
    [Anonymous Symbol]                       0x1fff9178   Section        0  rtx_mutex.o(.text.osRtxMutexOwnerRestore)
    [Anonymous Symbol]                       0x1fff91c8   Section        0  rtx_system.o(.text.osRtxPendSV_Handler)
    [Anonymous Symbol]                       0x1fff9274   Section        0  rtx_system.o(.text.osRtxPostProcess)
    [Anonymous Symbol]                       0x1fff92ec   Section        0  rtx_thread.o(.text.osRtxThreadBeforeFree)
    [Anonymous Symbol]                       0x1fff92f0   Section        0  rtx_thread.o(.text.osRtxThreadDelayTick)
    [Anonymous Symbol]                       0x1fff9454   Section        0  rtx_thread.o(.text.osRtxThreadDispatch)
    osRtxThreadFree                          0x1fff9569   Thumb Code   102  rtx_thread.o(.text.osRtxThreadFree)
    [Anonymous Symbol]                       0x1fff9568   Section        0  rtx_thread.o(.text.osRtxThreadFree)
    [Anonymous Symbol]                       0x1fff95d0   Section        0  rtx_thread.o(.text.osRtxThreadListGet)
    [Anonymous Symbol]                       0x1fff95e4   Section        0  rtx_thread.o(.text.osRtxThreadListPut)
    [Anonymous Symbol]                       0x1fff9610   Section        0  rtx_thread.o(.text.osRtxThreadListRemove)
    [Anonymous Symbol]                       0x1fff962c   Section        0  rtx_thread.o(.text.osRtxThreadListSort)
    osRtxThreadPostProcess                   0x1fff9699   Thumb Code   156  rtx_thread.o(.text.osRtxThreadPostProcess)
    [Anonymous Symbol]                       0x1fff9698   Section        0  rtx_thread.o(.text.osRtxThreadPostProcess)
    [Anonymous Symbol]                       0x1fff9734   Section        0  rtx_thread.o(.text.osRtxThreadReadyPut)
    [Anonymous Symbol]                       0x1fff9770   Section        0  rtx_thread.o(.text.osRtxThreadRegPtr)
    [Anonymous Symbol]                       0x1fff9784   Section        0  rtx_thread.o(.text.osRtxThreadStackCheck)
    [Anonymous Symbol]                       0x1fff97a4   Section        0  rtx_thread.o(.text.osRtxThreadStartup)
    [Anonymous Symbol]                       0x1fff97f0   Section        0  rtx_thread.o(.text.osRtxThreadSwitch)
    [Anonymous Symbol]                       0x1fff9814   Section        0  rtx_thread.o(.text.osRtxThreadWaitEnter)
    [Anonymous Symbol]                       0x1fff9910   Section        0  rtx_thread.o(.text.osRtxThreadWaitExit)
    [Anonymous Symbol]                       0x1fff99b4   Section        0  rtx_system.o(.text.osRtxTick_Handler)
    [Anonymous Symbol]                       0x1fff9a38   Section        0  rtx_timer.o(.text.osRtxTimerSetup)
    [Anonymous Symbol]                       0x1fff9a60   Section        0  rtx_timer.o(.text.osRtxTimerThread)
    osRtxTimerTick                           0x1fff9a8d   Thumb Code   198  rtx_timer.o(.text.osRtxTimerTick)
    [Anonymous Symbol]                       0x1fff9a8c   Section        0  rtx_timer.o(.text.osRtxTimerTick)
    osThreadEntry                            0x1fff9b55   Thumb Code     6  rtx_thread.o(.text.osThreadEntry)
    [Anonymous Symbol]                       0x1fff9b54   Section        0  rtx_thread.o(.text.osThreadEntry)
    [Anonymous Symbol]                       0x1fff9b5c   Section        0  rtx_thread.o(.text.osThreadExit)
    [Anonymous Symbol]                       0x1fff9b78   Section        0  rtx_thread.o(.text.osThreadNew)
    [Anonymous Symbol]                       0x1fff9bb8   Section        0  retarget_io_user.o(.text.stderr_putchar)
    [Anonymous Symbol]                       0x1fff9bd0   Section        0  retarget_io_user.o(.text.stdout_putchar)
    svcRtxDelay                              0x1fff9be9   Thumb Code    52  rtx_delay.o(.text.svcRtxDelay)
    [Anonymous Symbol]                       0x1fff9be8   Section        0  rtx_delay.o(.text.svcRtxDelay)
    svcRtxKernelInitialize                   0x1fff9c1d   Thumb Code   348  rtx_kernel.o(.text.svcRtxKernelInitialize)
    [Anonymous Symbol]                       0x1fff9c1c   Section        0  rtx_kernel.o(.text.svcRtxKernelInitialize)
    svcRtxKernelStart                        0x1fff9d79   Thumb Code   158  rtx_kernel.o(.text.svcRtxKernelStart)
    [Anonymous Symbol]                       0x1fff9d78   Section        0  rtx_kernel.o(.text.svcRtxKernelStart)
    svcRtxMessageQueueGet                    0x1fff9e19   Thumb Code   448  rtx_msgqueue.o(.text.svcRtxMessageQueueGet)
    [Anonymous Symbol]                       0x1fff9e18   Section        0  rtx_msgqueue.o(.text.svcRtxMessageQueueGet)
    svcRtxMessageQueueNew                    0x1fff9fd9   Thumb Code   362  rtx_msgqueue.o(.text.svcRtxMessageQueueNew)
    [Anonymous Symbol]                       0x1fff9fd8   Section        0  rtx_msgqueue.o(.text.svcRtxMessageQueueNew)
    svcRtxMessageQueuePut                    0x1fffa145   Thumb Code   326  rtx_msgqueue.o(.text.svcRtxMessageQueuePut)
    [Anonymous Symbol]                       0x1fffa144   Section        0  rtx_msgqueue.o(.text.svcRtxMessageQueuePut)
    svcRtxThreadExit                         0x1fffa28d   Thumb Code   196  rtx_thread.o(.text.svcRtxThreadExit)
    [Anonymous Symbol]                       0x1fffa28c   Section        0  rtx_thread.o(.text.svcRtxThreadExit)
    svcRtxThreadNew                          0x1fffa351   Thumb Code   600  rtx_thread.o(.text.svcRtxThreadNew)
    [Anonymous Symbol]                       0x1fffa350   Section        0  rtx_thread.o(.text.svcRtxThreadNew)
    [Anonymous Symbol]                       0x1fffa5a8   Section        0  main.o(.text.threadA)
    i.__scatterload_copy                     0x1fffa5e0   Section       14  handlers.o(i.__scatterload_copy)
    i.__scatterload_null                     0x1fffa5ee   Section        2  handlers.o(i.__scatterload_null)
    i.__scatterload_zeroinit                 0x1fffa5f0   Section       14  handlers.o(i.__scatterload_zeroinit)
    i.fputs                                  0x1fffa5fe   Section        0  fputs.o(i.fputs)
    i.fwrite                                 0x1fffa616   Section        0  fwrite.o(i.fwrite)
    i.puts                                   0x1fffa640   Section        0  puts.o(i.puts)
    __tagsym$$used.0                         0x1fffa664   Number         0  rtx_lib.o(.rodata)
    __tagsym$$used.1                         0x1fffa6d4   Number         0  rtx_lib.o(.rodata)
    os_idle_thread_attr                      0x1fffa710   Data          36  rtx_lib.o(.rodata.os_idle_thread_attr)
    [Anonymous Symbol]                       0x1fffa710   Section        0  rtx_lib.o(.rodata.os_idle_thread_attr)
    os_timer_mq_attr                         0x1fffa734   Data          24  rtx_lib.o(.rodata.os_timer_mq_attr)
    [Anonymous Symbol]                       0x1fffa734   Section        0  rtx_lib.o(.rodata.os_timer_mq_attr)
    os_timer_thread_attr                     0x1fffa74c   Data          36  rtx_lib.o(.rodata.os_timer_thread_attr)
    [Anonymous Symbol]                       0x1fffa74c   Section        0  rtx_lib.o(.rodata.os_timer_thread_attr)
    .L.str.2                                 0x1fffa770   Data          10  ccm_imx7d.o(.rodata.str1.1)
    [Anonymous Symbol]                       0x1fffa770   Section        0  ccm_imx7d.o(.rodata.str1.1)
    .L.str                                   0x1fffa77a   Data           8  ccm_imx7d.o(.rodata.str1.1)
    .L.str.1                                 0x1fffa782   Data          71  ccm_imx7d.o(.rodata.str1.1)
    [Anonymous Symbol]                       0x1fffa7c9   Section        0  uart_imx.o(.rodata.str1.1)
    .L.str.5                                 0x1fffa80f   Data          86  uart_imx.o(.rodata.str1.1)
    .L.str.1                                 0x1fffa81f   Data          70  uart_imx.o(.rodata.str1.1)
    .L.str                                   0x1fffa868   Data          11  rtx_kernel.o(.rodata.str1.4)
    [Anonymous Symbol]                       0x1fffa868   Section        0  rtx_kernel.o(.rodata.str1.4)
    .data                                    0x20000000   Section        4  stdout.o(.data)
    .data                                    0x20000004   Section        4  stderr.o(.data)
    PendST                                   0x200000b0   Data           1  os_systick.o(.bss.os)
    [Anonymous Symbol]                       0x200000b0   Section        0  os_systick.o(.bss.os)
    os_isr_queue                             0x200000b8   Data          64  rtx_lib.o(.bss.os)
    [Anonymous Symbol]                       0x200000b8   Section        0  rtx_lib.o(.bss.os)
    os_mem                                   0x200000f8   Data        8192  rtx_lib.o(.bss.os)
    os_timer_mq_cb                           0x200020f8   Data          52  rtx_lib.o(.bss.os.msgqueue.cb)
    [Anonymous Symbol]                       0x200020f8   Section        0  rtx_lib.o(.bss.os.msgqueue.cb)
    os_timer_mq_data                         0x2000212c   Data          80  rtx_lib.o(.bss.os.msgqueue.mem)
    [Anonymous Symbol]                       0x2000212c   Section        0  rtx_lib.o(.bss.os.msgqueue.mem)
    os_idle_thread_cb                        0x2000217c   Data          80  rtx_lib.o(.bss.os.thread.cb)
    [Anonymous Symbol]                       0x2000217c   Section        0  rtx_lib.o(.bss.os.thread.cb)
    os_timer_thread_cb                       0x200021cc   Data          80  rtx_lib.o(.bss.os.thread.cb)
    os_idle_thread_stack                     0x20002220   Data         512  rtx_lib.o(.bss.os.thread.idle.stack)
    [Anonymous Symbol]                       0x20002220   Section        0  rtx_lib.o(.bss.os.thread.idle.stack)
    os_timer_thread_stack                    0x20002420   Data         512  rtx_lib.o(.bss.os.thread.timer.stack)
    [Anonymous Symbol]                       0x20002420   Section        0  rtx_lib.o(.bss.os.thread.timer.stack)
    STACK                                    0x20002620   Section     1024  startup_iMX7D_M4.o(STACK)
    FPCCR                                    0xe000ef34   Number         0  irq_armv7m.o ABSOLUTE

    Global Symbols

    Symbol Name                              Value     Ov Type        Size  Object(Section)

    BuildAttributes$$THM_ISAv4$E$P$D$K$B$S$7EM$VFPi3$EXTD16$VFPS$VFMA$PE$A:L22UL41UL21$X:L11$S22US41US21$IEEE1$IW$~IW$USESV6$~STKCKD$USESV7$~SHL$OTIME$EBA8$MICROLIB$REQ8$PRES8$EABIv2 0x00000000   Number         0  anon$$obj.o ABSOLUTE
    __use_no_errno                           0x00000000   Number         0  useno.o ABSOLUTE
    __use_no_exception_handling              0x00000000   Number         0  useno.o ABSOLUTE
    __use_no_fp                              0x00000000   Number         0  useno.o ABSOLUTE
    __use_no_heap                            0x00000000   Number         0  useno.o ABSOLUTE
    __use_no_heap_region                     0x00000000   Number         0  useno.o ABSOLUTE
    __use_no_semihosting                     0x00000000   Number         0  useno.o ABSOLUTE
    __use_no_semihosting_swi                 0x00000000   Number         0  useno.o ABSOLUTE
    __use_no_signal_handling                 0x00000000   Number         0  useno.o ABSOLUTE
    .bss.os.evflags.cb$$Base                  - Undefined Weak Reference
    .bss.os.evflags.cb$$Limit                 - Undefined Weak Reference
    .bss.os.mempool.cb$$Base                  - Undefined Weak Reference
    .bss.os.mempool.cb$$Limit                 - Undefined Weak Reference
    .bss.os.mutex.cb$$Base                    - Undefined Weak Reference
    .bss.os.mutex.cb$$Limit                   - Undefined Weak Reference
    .bss.os.semaphore.cb$$Base                - Undefined Weak Reference
    .bss.os.semaphore.cb$$Limit               - Undefined Weak Reference
    .bss.os.timer.cb$$Base                    - Undefined Weak Reference
    .bss.os.timer.cb$$Limit                   - Undefined Weak Reference
    __cpp_initialize__aeabi_                  - Undefined Weak Reference
    __cxa_finalize                            - Undefined Weak Reference
    __decompress                              - Undefined Weak Reference
    _clock_init                               - Undefined Weak Reference
    _microlib_exit                            - Undefined Weak Reference
    __Vectors_Size                           0x00000240   Number         0  startup_iMX7D_M4.o ABSOLUTE
    __Vectors                                0x1fff8000   Data           4  startup_iMX7D_M4.o(RESET)
    __Vectors_End                            0x1fff8240   Data           0  startup_iMX7D_M4.o(RESET)
    __main                                   0x1fff8241   Thumb Code     0  entry.o(.ARM.Collect$$$$00000000)
    _main_stk                                0x1fff8241   Thumb Code     0  entry2.o(.ARM.Collect$$$$00000001)
    _main_scatterload                        0x1fff8245   Thumb Code     0  entry5.o(.ARM.Collect$$$$00000004)
    __main_after_scatterload                 0x1fff8249   Thumb Code     0  entry5.o(.ARM.Collect$$$$00000004)
    _main_clock                              0x1fff8249   Thumb Code     0  entry7b.o(.ARM.Collect$$$$00000008)
    _main_cpp_init                           0x1fff8249   Thumb Code     0  entry8b.o(.ARM.Collect$$$$0000000A)
    _main_init                               0x1fff8249   Thumb Code     0  entry9a.o(.ARM.Collect$$$$0000000B)
    __rt_final_cpp                           0x1fff8251   Thumb Code     0  entry10a.o(.ARM.Collect$$$$0000000D)
    __rt_final_exit                          0x1fff8251   Thumb Code     0  entry11a.o(.ARM.Collect$$$$0000000F)
    SVC_Handler                              0x1fff8255   Thumb Code   208  irq_armv7m.o(.text)
    PendSV_Handler                           0x1fff8325   Thumb Code    16  irq_armv7m.o(.text)
    SysTick_Handler                          0x1fff8335   Thumb Code    16  irq_armv7m.o(.text)
    Reset_Handler                            0x1fff8355   Thumb Code    12  startup_iMX7D_M4.o(.text)
    NMI_Handler                              0x1fff8361   Thumb Code     2  startup_iMX7D_M4.o(.text)
    HardFault_Handler                        0x1fff8363   Thumb Code     2  startup_iMX7D_M4.o(.text)
    MemManage_Handler                        0x1fff8365   Thumb Code     2  startup_iMX7D_M4.o(.text)
    BusFault_Handler                         0x1fff8367   Thumb Code     2  startup_iMX7D_M4.o(.text)
    UsageFault_Handler                       0x1fff8369   Thumb Code     2  startup_iMX7D_M4.o(.text)
    DebugMon_Handler                         0x1fff836d   Thumb Code     2  startup_iMX7D_M4.o(.text)
    ADC1_IRQHandler                          0x1fff8373   Thumb Code     0  startup_iMX7D_M4.o(.text)
    ADC2_IRQHandler                          0x1fff8373   Thumb Code     0  startup_iMX7D_M4.o(.text)
    APBHDMA_IRQHandler                       0x1fff8373   Thumb Code     0  startup_iMX7D_M4.o(.text)
    AnalogBrownOut_IRQHandler                0x1fff8373   Thumb Code     0  startup_iMX7D_M4.o(.text)
    AnalogTempSensor_IRQHandler              0x1fff8373   Thumb Code     0  startup_iMX7D_M4.o(.text)
    BCH_IRQHandler                           0x1fff8373   Thumb Code     0  startup_iMX7D_M4.o(.text)
    CAAM_WRAPPER0_IRQHandler                 0x1fff8373   Thumb Code     0  startup_iMX7D_M4.o(.text)
    CAAM_WRAPPER1_IRQHandler                 0x1fff8373   Thumb Code     0  startup_iMX7D_M4.o(.text)
    CAAM_WRAPPER2_IRQHandler                 0x1fff8373   Thumb Code     0  startup_iMX7D_M4.o(.text)
    CAAM_WRAPPER3_IRQHandler                 0x1fff8373   Thumb Code     0  startup_iMX7D_M4.o(.text)
    CCM1_IRQHandler                          0x1fff8373   Thumb Code     0  startup_iMX7D_M4.o(.text)
    CCM2_IRQHandler                          0x1fff8373   Thumb Code     0  startup_iMX7D_M4.o(.text)
    CCM_SRC_GPC_IRQHandler                   0x1fff8373   Thumb Code     0  startup_iMX7D_M4.o(.text)
    CPU_CTIIRQn_IRQHandler                   0x1fff8373   Thumb Code     0  startup_iMX7D_M4.o(.text)
    CPU_PMUIRQn_IRQHandler                   0x1fff8373   Thumb Code     0  startup_iMX7D_M4.o(.text)
    CSI_IRQHandler                           0x1fff8373   Thumb Code     0  startup_iMX7D_M4.o(.text)
    CSU_IRQHandler                           0x1fff8373   Thumb Code     0  startup_iMX7D_M4.o(.text)
    DAP_IRQHandler                           0x1fff8373   Thumb Code     0  startup_iMX7D_M4.o(.text)
    DBGMON_IRQHandler                        0x1fff8373   Thumb Code     0  startup_iMX7D_M4.o(.text)
    EIM_IRQHandler                           0x1fff8373   Thumb Code     0  startup_iMX7D_M4.o(.text)
    ENET1_MAC0_IRQ_IRQHandler                0x1fff8373   Thumb Code     0  startup_iMX7D_M4.o(.text)
    ENET1_MAC0_Rx_Tx_Done1_IRQHandler        0x1fff8373   Thumb Code     0  startup_iMX7D_M4.o(.text)
    ENET1_MAC0_Rx_Tx_Done2_IRQHandler        0x1fff8373   Thumb Code     0  startup_iMX7D_M4.o(.text)
    ENET1_MAC0_TimerInt_IRQHandler           0x1fff8373   Thumb Code     0  startup_iMX7D_M4.o(.text)
    ENET2_MAC0_IRQ_IRQHandler                0x1fff8373   Thumb Code     0  startup_iMX7D_M4.o(.text)
    ENET2_MAC0_Rx_Tx_Done1_IRQHandler        0x1fff8373   Thumb Code     0  startup_iMX7D_M4.o(.text)
    ENET2_MAC0_Rx_Tx_Done2_IRQHandler        0x1fff8373   Thumb Code     0  startup_iMX7D_M4.o(.text)
    ENET2_MAC0_TimerInt_IRQHandler           0x1fff8373   Thumb Code     0  startup_iMX7D_M4.o(.text)
    EPDC_IRQHandler                          0x1fff8373   Thumb Code     0  startup_iMX7D_M4.o(.text)
    FLEXCAN1_IRQHandler                      0x1fff8373   Thumb Code     0  startup_iMX7D_M4.o(.text)
    FLEXCAN2_IRQHandler                      0x1fff8373   Thumb Code     0  startup_iMX7D_M4.o(.text)
    FTM1_IRQHandler                          0x1fff8373   Thumb Code     0  startup_iMX7D_M4.o(.text)
    FTM2_IRQHandler                          0x1fff8373   Thumb Code     0  startup_iMX7D_M4.o(.text)
    GPC_IRQHandler                           0x1fff8373   Thumb Code     0  startup_iMX7D_M4.o(.text)
    GPIO1_Combined_0_15_IRQHandler           0x1fff8373   Thumb Code     0  startup_iMX7D_M4.o(.text)
    GPIO1_Combined_16_31_IRQHandler          0x1fff8373   Thumb Code     0  startup_iMX7D_M4.o(.text)
    GPIO1_INT0_IRQHandler                    0x1fff8373   Thumb Code     0  startup_iMX7D_M4.o(.text)
    GPIO1_INT1_IRQHandler                    0x1fff8373   Thumb Code     0  startup_iMX7D_M4.o(.text)
    GPIO1_INT2_IRQHandler                    0x1fff8373   Thumb Code     0  startup_iMX7D_M4.o(.text)
    GPIO1_INT3_IRQHandler                    0x1fff8373   Thumb Code     0  startup_iMX7D_M4.o(.text)
    GPIO1_INT4_IRQHandler                    0x1fff8373   Thumb Code     0  startup_iMX7D_M4.o(.text)
    GPIO1_INT5_IRQHandler                    0x1fff8373   Thumb Code     0  startup_iMX7D_M4.o(.text)
    GPIO1_INT6_IRQHandler                    0x1fff8373   Thumb Code     0  startup_iMX7D_M4.o(.text)
    GPIO1_INT7_IRQHandler                    0x1fff8373   Thumb Code     0  startup_iMX7D_M4.o(.text)
    GPIO2_Combined_0_15_IRQHandler           0x1fff8373   Thumb Code     0  startup_iMX7D_M4.o(.text)
    GPIO2_Combined_16_31_IRQHandler          0x1fff8373   Thumb Code     0  startup_iMX7D_M4.o(.text)
    GPIO3_Combined_0_15_IRQHandler           0x1fff8373   Thumb Code     0  startup_iMX7D_M4.o(.text)
    GPIO3_Combined_16_31_IRQHandler          0x1fff8373   Thumb Code     0  startup_iMX7D_M4.o(.text)
    GPIO4_Combined_0_15_IRQHandler           0x1fff8373   Thumb Code     0  startup_iMX7D_M4.o(.text)
    GPIO4_Combined_16_31_IRQHandler          0x1fff8373   Thumb Code     0  startup_iMX7D_M4.o(.text)
    GPIO5_Combined_0_15_IRQHandler           0x1fff8373   Thumb Code     0  startup_iMX7D_M4.o(.text)
    GPIO5_Combined_16_31_IRQHandler          0x1fff8373   Thumb Code     0  startup_iMX7D_M4.o(.text)
    GPIO6_Combined_0_15_IRQHandler           0x1fff8373   Thumb Code     0  startup_iMX7D_M4.o(.text)
    GPIO6_Combined_16_31_IRQHandler          0x1fff8373   Thumb Code     0  startup_iMX7D_M4.o(.text)
    GPIO7_Combined_0_15_IRQHandler           0x1fff8373   Thumb Code     0  startup_iMX7D_M4.o(.text)
    GPIO7_Combined_16_31_IRQHandler          0x1fff8373   Thumb Code     0  startup_iMX7D_M4.o(.text)
    GPMII_IRQHandler                         0x1fff8373   Thumb Code     0  startup_iMX7D_M4.o(.text)
    GPR_IRQ_IRQHandler                       0x1fff8373   Thumb Code     0  startup_iMX7D_M4.o(.text)
    GPT1_IRQHandler                          0x1fff8373   Thumb Code     0  startup_iMX7D_M4.o(.text)
    GPT2_IRQHandler                          0x1fff8373   Thumb Code     0  startup_iMX7D_M4.o(.text)
    GPT3_IRQHandler                          0x1fff8373   Thumb Code     0  startup_iMX7D_M4.o(.text)
    GPT4_IRQHandler                          0x1fff8373   Thumb Code     0  startup_iMX7D_M4.o(.text)
    HS_IRQ0_IRQHandler                       0x1fff8373   Thumb Code     0  startup_iMX7D_M4.o(.text)
    HS_IRQ1_IRQHandler                       0x1fff8373   Thumb Code     0  startup_iMX7D_M4.o(.text)
    I2C1_IRQHandler                          0x1fff8373   Thumb Code     0  startup_iMX7D_M4.o(.text)
    I2C2_IRQHandler                          0x1fff8373   Thumb Code     0  startup_iMX7D_M4.o(.text)
    I2C3_IRQHandler                          0x1fff8373   Thumb Code     0  startup_iMX7D_M4.o(.text)
    I2C4_IRQHandler                          0x1fff8373   Thumb Code     0  startup_iMX7D_M4.o(.text)
    KPP_IRQHandler                           0x1fff8373   Thumb Code     0  startup_iMX7D_M4.o(.text)
    LCDIF_IRQHandler                         0x1fff8373   Thumb Code     0  startup_iMX7D_M4.o(.text)
    MIPI_CSI_IRQHandler                      0x1fff8373   Thumb Code     0  startup_iMX7D_M4.o(.text)
    MIPI_DSI_IRQHandler                      0x1fff8373   Thumb Code     0  startup_iMX7D_M4.o(.text)
    MU_A7_IRQHandler                         0x1fff8373   Thumb Code     0  startup_iMX7D_M4.o(.text)
    MU_M4_IRQHandler                         0x1fff8373   Thumb Code     0  startup_iMX7D_M4.o(.text)
    PCIE_CTRL_IRQ0_IRQHandler                0x1fff8373   Thumb Code     0  startup_iMX7D_M4.o(.text)
    PCIE_CTRL_IRQ1_IRQHandler                0x1fff8373   Thumb Code     0  startup_iMX7D_M4.o(.text)
    PCIE_CTRL_IRQ2_IRQHandler                0x1fff8373   Thumb Code     0  startup_iMX7D_M4.o(.text)
    PCIE_CTRL_IRQ3_IRQHandler                0x1fff8373   Thumb Code     0  startup_iMX7D_M4.o(.text)
    PCIE_CTRL_IRQHandler                     0x1fff8373   Thumb Code     0  startup_iMX7D_M4.o(.text)
    PERFMON1_IRQHandler                      0x1fff8373   Thumb Code     0  startup_iMX7D_M4.o(.text)
    PERFMON2_IRQHandler                      0x1fff8373   Thumb Code     0  startup_iMX7D_M4.o(.text)
    PWM1_IRQHandler                          0x1fff8373   Thumb Code     0  startup_iMX7D_M4.o(.text)
    PWM2_IRQHandler                          0x1fff8373   Thumb Code     0  startup_iMX7D_M4.o(.text)
    PWM3_IRQHandler                          0x1fff8373   Thumb Code     0  startup_iMX7D_M4.o(.text)
    PWM4_IRQHandler                          0x1fff8373   Thumb Code     0  startup_iMX7D_M4.o(.text)
    PXP_IRQ0_IRQHandler                      0x1fff8373   Thumb Code     0  startup_iMX7D_M4.o(.text)
    PXP_IRQ1_IRQHandler                      0x1fff8373   Thumb Code     0  startup_iMX7D_M4.o(.text)
    QSPI_IRQHandler                          0x1fff8373   Thumb Code     0  startup_iMX7D_M4.o(.text)
    RDC_IRQHandler                           0x1fff8373   Thumb Code     0  startup_iMX7D_M4.o(.text)
    RTIC_IRQHandler                          0x1fff8373   Thumb Code     0  startup_iMX7D_M4.o(.text)
    SAI1_IRQHandler                          0x1fff8373   Thumb Code     0  startup_iMX7D_M4.o(.text)
    SAI2_IRQHandler                          0x1fff8373   Thumb Code     0  startup_iMX7D_M4.o(.text)
    SAI3_IRQHandler                          0x1fff8373   Thumb Code     0  startup_iMX7D_M4.o(.text)
    SCTR_IRQ0_IRQHandler                     0x1fff8373   Thumb Code     0  startup_iMX7D_M4.o(.text)
    SCTR_IRQ1_IRQHandler                     0x1fff8373   Thumb Code     0  startup_iMX7D_M4.o(.text)
    SDMA_IRQHandler                          0x1fff8373   Thumb Code     0  startup_iMX7D_M4.o(.text)
    SIM1_IRQHandler                          0x1fff8373   Thumb Code     0  startup_iMX7D_M4.o(.text)
    SIM2_IRQHandler                          0x1fff8373   Thumb Code     0  startup_iMX7D_M4.o(.text)
    SNVS_HP_WRAPPER1_IRQHandler              0x1fff8373   Thumb Code     0  startup_iMX7D_M4.o(.text)
    SNVS_HP_WRAPPER2_IRQHandler              0x1fff8373   Thumb Code     0  startup_iMX7D_M4.o(.text)
    SNVS_WRAPPER_IRQHandler                  0x1fff8373   Thumb Code     0  startup_iMX7D_M4.o(.text)
    SRC_IRQHandler                           0x1fff8373   Thumb Code     0  startup_iMX7D_M4.o(.text)
    TPR_IRQ_IRQHandler                       0x1fff8373   Thumb Code     0  startup_iMX7D_M4.o(.text)
    TZASC1_IRQHandler                        0x1fff8373   Thumb Code     0  startup_iMX7D_M4.o(.text)
    UART1_IRQHandler                         0x1fff8373   Thumb Code     0  startup_iMX7D_M4.o(.text)
    UART2_IRQHandler                         0x1fff8373   Thumb Code     0  startup_iMX7D_M4.o(.text)
    UART3_IRQHandler                         0x1fff8373   Thumb Code     0  startup_iMX7D_M4.o(.text)
    UART4_IRQHandler                         0x1fff8373   Thumb Code     0  startup_iMX7D_M4.o(.text)
    UART5_IRQHandler                         0x1fff8373   Thumb Code     0  startup_iMX7D_M4.o(.text)
    UART6_IRQHandler                         0x1fff8373   Thumb Code     0  startup_iMX7D_M4.o(.text)
    UART7_IRQHandler                         0x1fff8373   Thumb Code     0  startup_iMX7D_M4.o(.text)
    USB_OH2_OTG_IRQHandler                   0x1fff8373   Thumb Code     0  startup_iMX7D_M4.o(.text)
    USB_OH3_HOST_IRQHandler                  0x1fff8373   Thumb Code     0  startup_iMX7D_M4.o(.text)
    USB_OH3_OTG_IRQHandler                   0x1fff8373   Thumb Code     0  startup_iMX7D_M4.o(.text)
    USB_OTG1_IRQHandler                      0x1fff8373   Thumb Code     0  startup_iMX7D_M4.o(.text)
    USB_OTG2_IRQHandler                      0x1fff8373   Thumb Code     0  startup_iMX7D_M4.o(.text)
    USDHC1_IRQHandler                        0x1fff8373   Thumb Code     0  startup_iMX7D_M4.o(.text)
    USDHC2_IRQHandler                        0x1fff8373   Thumb Code     0  startup_iMX7D_M4.o(.text)
    USDHC3_IRQHandler                        0x1fff8373   Thumb Code     0  startup_iMX7D_M4.o(.text)
    WDOG1_IRQHandler                         0x1fff8373   Thumb Code     0  startup_iMX7D_M4.o(.text)
    WDOG2_IRQHandler                         0x1fff8373   Thumb Code     0  startup_iMX7D_M4.o(.text)
    WDOG3_IRQHandler                         0x1fff8373   Thumb Code     0  startup_iMX7D_M4.o(.text)
    WDOG4_IRQHandler                         0x1fff8373   Thumb Code     0  startup_iMX7D_M4.o(.text)
    eCSPI1_IRQHandler                        0x1fff8373   Thumb Code     0  startup_iMX7D_M4.o(.text)
    eCSPI2_IRQHandler                        0x1fff8373   Thumb Code     0  startup_iMX7D_M4.o(.text)
    eCSPI3_IRQHandler                        0x1fff8373   Thumb Code     0  startup_iMX7D_M4.o(.text)
    eCSPI4_IRQHandler                        0x1fff8373   Thumb Code     0  startup_iMX7D_M4.o(.text)
    __aeabi_memcpy                           0x1fff837d   Thumb Code    36  memcpya.o(.text)
    __aeabi_memcpy4                          0x1fff837d   Thumb Code     0  memcpya.o(.text)
    __aeabi_memcpy8                          0x1fff837d   Thumb Code     0  memcpya.o(.text)
    __aeabi_memset                           0x1fff83a1   Thumb Code    14  memseta.o(.text)
    __aeabi_memset4                          0x1fff83a1   Thumb Code     0  memseta.o(.text)
    __aeabi_memset8                          0x1fff83a1   Thumb Code     0  memseta.o(.text)
    __aeabi_memclr                           0x1fff83af   Thumb Code     4  memseta.o(.text)
    __aeabi_memclr4                          0x1fff83af   Thumb Code     0  memseta.o(.text)
    __aeabi_memclr8                          0x1fff83af   Thumb Code     0  memseta.o(.text)
    _memset$wrapper                          0x1fff83b3   Thumb Code    18  memseta.o(.text)
    __scatterload                            0x1fff83c5   Thumb Code    38  init.o(.text)
    __scatterload_rt2                        0x1fff83c5   Thumb Code     0  init.o(.text)
    BOARD_ClockInit                          0x1fff83f5   Thumb Code   142  board.o(.text.BOARD_ClockInit)
    BOARD_RdcInit                            0x1fff8485   Thumb Code    24  board.o(.text.BOARD_RdcInit)
    CCM_ANALOG_GetSysPllFreq                 0x1fff849d   Thumb Code    48  ccm_analog_imx7d.o(.text.CCM_ANALOG_GetSysPllFreq)
    CCM_GetRootDivider                       0x1fff84cd   Thumb Code    40  ccm_imx7d.o(.text.CCM_GetRootDivider)
    CCM_UpdateRoot                           0x1fff8501   Thumb Code    92  ccm_imx7d.o(.text.CCM_UpdateRoot)
    EvrRtxDelay                              0x1fff855d   Thumb Code     2  rtx_evr.o(.text.EvrRtxDelay)
    EvrRtxDelayCompleted                     0x1fff8561   Thumb Code     2  rtx_evr.o(.text.EvrRtxDelayCompleted)
    EvrRtxDelayError                         0x1fff8565   Thumb Code     2  rtx_evr.o(.text.EvrRtxDelayError)
    EvrRtxDelayStarted                       0x1fff8569   Thumb Code     2  rtx_evr.o(.text.EvrRtxDelayStarted)
    EvrRtxEventFlagsWaitTimeout              0x1fff856d   Thumb Code     2  rtx_evr.o(.text.EvrRtxEventFlagsWaitTimeout)
    EvrRtxKernelError                        0x1fff8571   Thumb Code     2  rtx_evr.o(.text.EvrRtxKernelError)
    EvrRtxKernelErrorNotify                  0x1fff8575   Thumb Code     2  rtx_evr.o(.text.EvrRtxKernelErrorNotify)
    EvrRtxKernelInitialize                   0x1fff8579   Thumb Code     2  rtx_evr.o(.text.EvrRtxKernelInitialize)
    EvrRtxKernelInitialized                  0x1fff857d   Thumb Code     2  rtx_evr.o(.text.EvrRtxKernelInitialized)
    EvrRtxKernelStart                        0x1fff8581   Thumb Code     2  rtx_evr.o(.text.EvrRtxKernelStart)
    EvrRtxKernelStarted                      0x1fff8585   Thumb Code     2  rtx_evr.o(.text.EvrRtxKernelStarted)
    EvrRtxMemoryAlloc                        0x1fff8589   Thumb Code     2  rtx_evr.o(.text.EvrRtxMemoryAlloc)
    EvrRtxMemoryBlockAlloc                   0x1fff858d   Thumb Code     2  rtx_evr.o(.text.EvrRtxMemoryBlockAlloc)
    EvrRtxMemoryBlockFree                    0x1fff8591   Thumb Code     2  rtx_evr.o(.text.EvrRtxMemoryBlockFree)
    EvrRtxMemoryBlockInit                    0x1fff8595   Thumb Code     2  rtx_evr.o(.text.EvrRtxMemoryBlockInit)
    EvrRtxMemoryFree                         0x1fff8599   Thumb Code     2  rtx_evr.o(.text.EvrRtxMemoryFree)
    EvrRtxMemoryInit                         0x1fff859d   Thumb Code     2  rtx_evr.o(.text.EvrRtxMemoryInit)
    EvrRtxMemoryPoolAllocTimeout             0x1fff85a1   Thumb Code     2  rtx_evr.o(.text.EvrRtxMemoryPoolAllocTimeout)
    EvrRtxMessageQueueCreated                0x1fff85a5   Thumb Code     2  rtx_evr.o(.text.EvrRtxMessageQueueCreated)
    EvrRtxMessageQueueError                  0x1fff85a9   Thumb Code     2  rtx_evr.o(.text.EvrRtxMessageQueueError)
    EvrRtxMessageQueueGet                    0x1fff85ad   Thumb Code     2  rtx_evr.o(.text.EvrRtxMessageQueueGet)
    EvrRtxMessageQueueGetPending             0x1fff85b1   Thumb Code     2  rtx_evr.o(.text.EvrRtxMessageQueueGetPending)
    EvrRtxMessageQueueGetTimeout             0x1fff85b5   Thumb Code     2  rtx_evr.o(.text.EvrRtxMessageQueueGetTimeout)
    EvrRtxMessageQueueInsertPending          0x1fff85b9   Thumb Code     2  rtx_evr.o(.text.EvrRtxMessageQueueInsertPending)
    EvrRtxMessageQueueInserted               0x1fff85bd   Thumb Code     2  rtx_evr.o(.text.EvrRtxMessageQueueInserted)
    EvrRtxMessageQueueNotInserted            0x1fff85c1   Thumb Code     2  rtx_evr.o(.text.EvrRtxMessageQueueNotInserted)
    EvrRtxMessageQueueNotRetrieved           0x1fff85c5   Thumb Code     2  rtx_evr.o(.text.EvrRtxMessageQueueNotRetrieved)
    EvrRtxMessageQueuePut                    0x1fff85c9   Thumb Code     2  rtx_evr.o(.text.EvrRtxMessageQueuePut)
    EvrRtxMessageQueuePutPending             0x1fff85cd   Thumb Code     2  rtx_evr.o(.text.EvrRtxMessageQueuePutPending)
    EvrRtxMessageQueuePutTimeout             0x1fff85d1   Thumb Code     2  rtx_evr.o(.text.EvrRtxMessageQueuePutTimeout)
    EvrRtxMessageQueueRetrieved              0x1fff85d5   Thumb Code     2  rtx_evr.o(.text.EvrRtxMessageQueueRetrieved)
    EvrRtxMutexAcquireTimeout                0x1fff85d9   Thumb Code     2  rtx_evr.o(.text.EvrRtxMutexAcquireTimeout)
    EvrRtxMutexAcquired                      0x1fff85dd   Thumb Code     2  rtx_evr.o(.text.EvrRtxMutexAcquired)
    EvrRtxMutexReleased                      0x1fff85e1   Thumb Code     2  rtx_evr.o(.text.EvrRtxMutexReleased)
    EvrRtxSemaphoreAcquireTimeout            0x1fff85e5   Thumb Code     2  rtx_evr.o(.text.EvrRtxSemaphoreAcquireTimeout)
    EvrRtxThreadBlocked                      0x1fff85e9   Thumb Code     2  rtx_evr.o(.text.EvrRtxThreadBlocked)
    EvrRtxThreadCreated                      0x1fff85ed   Thumb Code     2  rtx_evr.o(.text.EvrRtxThreadCreated)
    EvrRtxThreadDestroyed                    0x1fff85f1   Thumb Code     2  rtx_evr.o(.text.EvrRtxThreadDestroyed)
    EvrRtxThreadError                        0x1fff85f5   Thumb Code     2  rtx_evr.o(.text.EvrRtxThreadError)
    EvrRtxThreadExit                         0x1fff85f9   Thumb Code     2  rtx_evr.o(.text.EvrRtxThreadExit)
    EvrRtxThreadFlagsWaitCompleted           0x1fff85fd   Thumb Code     2  rtx_evr.o(.text.EvrRtxThreadFlagsWaitCompleted)
    EvrRtxThreadFlagsWaitTimeout             0x1fff8601   Thumb Code     2  rtx_evr.o(.text.EvrRtxThreadFlagsWaitTimeout)
    EvrRtxThreadJoined                       0x1fff8605   Thumb Code     2  rtx_evr.o(.text.EvrRtxThreadJoined)
    EvrRtxThreadNew                          0x1fff8609   Thumb Code     2  rtx_evr.o(.text.EvrRtxThreadNew)
    EvrRtxThreadPreempted                    0x1fff860d   Thumb Code     2  rtx_evr.o(.text.EvrRtxThreadPreempted)
    EvrRtxThreadSwitched                     0x1fff8611   Thumb Code     2  rtx_evr.o(.text.EvrRtxThreadSwitched)
    EvrRtxThreadUnblocked                    0x1fff8615   Thumb Code     2  rtx_evr.o(.text.EvrRtxThreadUnblocked)
    EvrRtxTimerCallback                      0x1fff8619   Thumb Code     2  rtx_evr.o(.text.EvrRtxTimerCallback)
    InitRetargetIOUSART                      0x1fff861d   Thumb Code     4  retarget_io_user.o(.text.InitRetargetIOUSART)
    OS_Tick_AcknowledgeIRQ                   0x1fff8621   Thumb Code    12  os_systick.o(.text.OS_Tick_AcknowledgeIRQ)
    OS_Tick_Enable                           0x1fff862d   Thumb Code    50  os_systick.o(.text.OS_Tick_Enable)
    OS_Tick_GetIRQn                          0x1fff8661   Thumb Code     6  os_systick.o(.text.OS_Tick_GetIRQn)
    OS_Tick_Setup                            0x1fff8669   Thumb Code    72  os_systick.o(.text.OS_Tick_Setup)
    SystemCoreClockUpdate                    0x1fff86b1   Thumb Code    20  system_iMX7D_M4.o(.text.SystemCoreClockUpdate)
    SystemInit                               0x1fff86c5   Thumb Code    30  system_iMX7D_M4.o(.text.SystemInit)
    UART_Init                                0x1fff86e5   Thumb Code   184  uart_imx.o(.text.UART_Init)
    UART_SetBaudRate                         0x1fff87a9   Thumb Code   240  uart_imx.o(.text.UART_SetBaudRate)
    __aeabi_assert                           0x1fff88b1   Thumb Code   136  retarget_io.o(.text.__aeabi_assert)
    abort                                    0x1fff8961   Thumb Code     2  retarget_io.o(.text.abort)
    configure_uart_pins                      0x1fff8965   Thumb Code    50  pin_mux.o(.text.configure_uart_pins)
    dbg_uart_init                            0x1fff8999   Thumb Code   126  board.o(.text.dbg_uart_init)
    fputc                                    0x1fff8a19   Thumb Code    38  retarget_io.o(.text.fputc)
    get_uart_clock_freq                      0x1fff8a41   Thumb Code   112  clock_freq.o(.text.get_uart_clock_freq)
    main                                     0x1fff8ab1   Thumb Code    42  main.o(.text.main)
    osDelay                                  0x1fff8add   Thumb Code    54  rtx_delay.o(.text.osDelay)
    osKernelInitialize                       0x1fff8b15   Thumb Code    54  rtx_kernel.o(.text.osKernelInitialize)
    osKernelStart                            0x1fff8b4d   Thumb Code    50  rtx_kernel.o(.text.osKernelStart)
    osMessageQueueGet                        0x1fff8b81   Thumb Code   212  rtx_msgqueue.o(.text.osMessageQueueGet)
    osMessageQueuePut                        0x1fff8c55   Thumb Code   166  rtx_msgqueue.o(.text.osMessageQueuePut)
    osRtxErrorNotify                         0x1fff8cfd   Thumb Code     2  RTX_Config.o(.text.osRtxErrorNotify)
    osRtxIdleThread                          0x1fff8d01   Thumb Code     2  RTX_Config.o(.text.osRtxIdleThread)
    osRtxKernelBeforeInit                    0x1fff8d05   Thumb Code     2  rtx_kernel.o(.text.osRtxKernelBeforeInit)
    osRtxKernelErrorNotify                   0x1fff8d09   Thumb Code    22  rtx_kernel.o(.text.osRtxKernelErrorNotify)
    osRtxMemoryAlloc                         0x1fff8d21   Thumb Code   128  rtx_memory.o(.text.osRtxMemoryAlloc)
    osRtxMemoryFree                          0x1fff8da1   Thumb Code    88  rtx_memory.o(.text.osRtxMemoryFree)
    osRtxMemoryInit                          0x1fff8df9   Thumb Code    64  rtx_memory.o(.text.osRtxMemoryInit)
    osRtxMemoryPoolAlloc                     0x1fff8e39   Thumb Code    68  rtx_mempool.o(.text.osRtxMemoryPoolAlloc)
    osRtxMemoryPoolFree                      0x1fff8e7d   Thumb Code    86  rtx_mempool.o(.text.osRtxMemoryPoolFree)
    osRtxMemoryPoolInit                      0x1fff8ed5   Thumb Code    86  rtx_mempool.o(.text.osRtxMemoryPoolInit)
    osRtxMessageQueueTimerSetup              0x1fff90e9   Thumb Code    44  rtx_msgqueue.o(.text.osRtxMessageQueueTimerSetup)
    osRtxMutexOwnerRelease                   0x1fff9115   Thumb Code   100  rtx_mutex.o(.text.osRtxMutexOwnerRelease)
    osRtxMutexOwnerRestore                   0x1fff9179   Thumb Code    80  rtx_mutex.o(.text.osRtxMutexOwnerRestore)
    osRtxPendSV_Handler                      0x1fff91c9   Thumb Code   136  rtx_system.o(.text.osRtxPendSV_Handler)
    osRtxPostProcess                         0x1fff9275   Thumb Code   118  rtx_system.o(.text.osRtxPostProcess)
    osRtxThreadBeforeFree                    0x1fff92ed   Thumb Code     2  rtx_thread.o(.text.osRtxThreadBeforeFree)
    osRtxThreadDelayTick                     0x1fff92f1   Thumb Code   356  rtx_thread.o(.text.osRtxThreadDelayTick)
    osRtxThreadDispatch                      0x1fff9455   Thumb Code   276  rtx_thread.o(.text.osRtxThreadDispatch)
    osRtxThreadListGet                       0x1fff95d1   Thumb Code    20  rtx_thread.o(.text.osRtxThreadListGet)
    osRtxThreadListPut                       0x1fff95e5   Thumb Code    44  rtx_thread.o(.text.osRtxThreadListPut)
    osRtxThreadListRemove                    0x1fff9611   Thumb Code    26  rtx_thread.o(.text.osRtxThreadListRemove)
    osRtxThreadListSort                      0x1fff962d   Thumb Code   106  rtx_thread.o(.text.osRtxThreadListSort)
    osRtxThreadReadyPut                      0x1fff9735   Thumb Code    60  rtx_thread.o(.text.osRtxThreadReadyPut)
    osRtxThreadRegPtr                        0x1fff9771   Thumb Code    20  rtx_thread.o(.text.osRtxThreadRegPtr)
    osRtxThreadStackCheck                    0x1fff9785   Thumb Code    32  rtx_thread.o(.text.osRtxThreadStackCheck)
    osRtxThreadStartup                       0x1fff97a5   Thumb Code    74  rtx_thread.o(.text.osRtxThreadStartup)
    osRtxThreadSwitch                        0x1fff97f1   Thumb Code    36  rtx_thread.o(.text.osRtxThreadSwitch)
    osRtxThreadWaitEnter                     0x1fff9815   Thumb Code   250  rtx_thread.o(.text.osRtxThreadWaitEnter)
    osRtxThreadWaitExit                      0x1fff9911   Thumb Code   164  rtx_thread.o(.text.osRtxThreadWaitExit)
    osRtxTick_Handler                        0x1fff99b5   Thumb Code   132  rtx_system.o(.text.osRtxTick_Handler)
    osRtxTimerSetup                          0x1fff9a39   Thumb Code    38  rtx_timer.o(.text.osRtxTimerSetup)
    osRtxTimerThread                         0x1fff9a61   Thumb Code    42  rtx_timer.o(.text.osRtxTimerThread)
    osThreadExit                             0x1fff9b5d   Thumb Code    26  rtx_thread.o(.text.osThreadExit)
    osThreadNew                              0x1fff9b79   Thumb Code    64  rtx_thread.o(.text.osThreadNew)
    stderr_putchar                           0x1fff9bb9   Thumb Code    22  retarget_io_user.o(.text.stderr_putchar)
    stdout_putchar                           0x1fff9bd1   Thumb Code    22  retarget_io_user.o(.text.stdout_putchar)
    threadA                                  0x1fffa5a9   Thumb Code    24  main.o(.text.threadA)
    __scatterload_copy                       0x1fffa5e1   Thumb Code    14  handlers.o(i.__scatterload_copy)
    __scatterload_null                       0x1fffa5ef   Thumb Code     2  handlers.o(i.__scatterload_null)
    __scatterload_zeroinit                   0x1fffa5f1   Thumb Code    14  handlers.o(i.__scatterload_zeroinit)
    fputs                                    0x1fffa5ff   Thumb Code    24  fputs.o(i.fputs)
    fwrite                                   0x1fffa617   Thumb Code    40  fwrite.o(i.fwrite)
    puts                                     0x1fffa641   Thumb Code    30  puts.o(i.puts)
    osRtxConfig                              0x1fffa664   Data         112  rtx_lib.o(.rodata)
    os_cb_sections                           0x1fffa6d4   Data          56  rtx_lib.o(.rodata)
    osRtxUserSVC                             0x1fffa70c   Data           4  rtx_lib.o(.rodata.osRtxUserSVC)
    Region$$Table$$Base                      0x1fffa874   Number         0  anon$$obj.o(Region$$Table)
    Region$$Table$$Limit                     0x1fffa894   Number         0  anon$$obj.o(Region$$Table)
    __stdout                                 0x20000000   Data           4  stdout.o(.data)
    __stderr                                 0x20000004   Data           4  stderr.o(.data)
    SystemCoreClock                          0x20000008   Data           4  system_iMX7D_M4.o(.data.SystemCoreClock)
    osRtxInfo                                0x2000000c   Data         164  rtx_kernel.o(.data.os)
    .bss.os.msgqueue.cb$$Base                0x200020f8   Number         0  rtx_lib.o(.bss.os.msgqueue.cb)
    .bss.os.msgqueue.cb$$Limit               0x2000212c   Number         0  rtx_lib.o(.bss.os.msgqueue.cb)
    .bss.os.thread.cb$$Base                  0x2000217c   Number         0  rtx_lib.o(.bss.os.thread.cb)
    .bss.os.thread.cb$$Limit                 0x2000221c   Number         0  rtx_lib.o(.bss.os.thread.cb)
    __initial_sp                             0x20002a20   Data           0  startup_iMX7D_M4.o(STACK)



==============================================================================

Memory Map of the image

  Image Entry point : 0x1fff8355

  Load Region LR_IROM1 (Base: 0x1fff8000, Size: 0x00002948, Max: 0x00008000, ABSOLUTE)

    Execution Region ER_IROM1 (Exec base: 0x1fff8000, Load base: 0x1fff8000, Size: 0x00002894, Max: 0x00008000, ABSOLUTE)

    Exec Addr    Load Addr    Size         Type   Attr      Idx    E Section Name        Object

    0x1fff8000   0x1fff8000   0x00000240   Data   RO         1078    RESET               startup_iMX7D_M4.o
    0x1fff8240   0x1fff8240   0x00000000   Code   RO         1223  * .ARM.Collect$$$$00000000  mc_w.l(entry.o)
    0x1fff8240   0x1fff8240   0x00000004   Code   RO         1247    .ARM.Collect$$$$00000001  mc_w.l(entry2.o)
    0x1fff8244   0x1fff8244   0x00000004   Code   RO         1250    .ARM.Collect$$$$00000004  mc_w.l(entry5.o)
    0x1fff8248   0x1fff8248   0x00000000   Code   RO         1252    .ARM.Collect$$$$00000008  mc_w.l(entry7b.o)
    0x1fff8248   0x1fff8248   0x00000000   Code   RO         1254    .ARM.Collect$$$$0000000A  mc_w.l(entry8b.o)
    0x1fff8248   0x1fff8248   0x00000008   Code   RO         1255    .ARM.Collect$$$$0000000B  mc_w.l(entry9a.o)
    0x1fff8250   0x1fff8250   0x00000000   Code   RO         1257    .ARM.Collect$$$$0000000D  mc_w.l(entry10a.o)
    0x1fff8250   0x1fff8250   0x00000000   Code   RO         1259    .ARM.Collect$$$$0000000F  mc_w.l(entry11a.o)
    0x1fff8250   0x1fff8250   0x00000004   Code   RO         1248    .ARM.Collect$$$$00002712  mc_w.l(entry2.o)
    0x1fff8254   0x1fff8254   0x00000100   Code   RO           60    .text               irq_armv7m.o
    0x1fff8354   0x1fff8354   0x00000028   Code   RO         1079  * .text               startup_iMX7D_M4.o
    0x1fff837c   0x1fff837c   0x00000024   Code   RO         1241    .text               mc_w.l(memcpya.o)
    0x1fff83a0   0x1fff83a0   0x00000024   Code   RO         1243    .text               mc_w.l(memseta.o)
    0x1fff83c4   0x1fff83c4   0x00000030   Code   RO         1261    .text               mc_w.l(init.o)
    0x1fff83f4   0x1fff83f4   0x0000008e   Code   RO         1010    .text.BOARD_ClockInit  board.o
    0x1fff8482   0x1fff8482   0x00000002   PAD
    0x1fff8484   0x1fff8484   0x00000018   Code   RO         1014    .text.BOARD_RdcInit  board.o
    0x1fff849c   0x1fff849c   0x00000030   Code   RO         1098    .text.CCM_ANALOG_GetSysPllFreq  ccm_analog_imx7d.o
    0x1fff84cc   0x1fff84cc   0x00000034   Code   RO         1113    .text.CCM_GetRootDivider  ccm_imx7d.o
    0x1fff8500   0x1fff8500   0x0000005c   Code   RO         1115    .text.CCM_UpdateRoot  ccm_imx7d.o
    0x1fff855c   0x1fff855c   0x00000002   Code   RO          290    .text.EvrRtxDelay   rtx_evr.o
    0x1fff855e   0x1fff855e   0x00000002   PAD
    0x1fff8560   0x1fff8560   0x00000002   Code   RO          298    .text.EvrRtxDelayCompleted  rtx_evr.o
    0x1fff8562   0x1fff8562   0x00000002   PAD
    0x1fff8564   0x1fff8564   0x00000002   Code   RO          288    .text.EvrRtxDelayError  rtx_evr.o
    0x1fff8566   0x1fff8566   0x00000002   PAD
    0x1fff8568   0x1fff8568   0x00000002   Code   RO          294    .text.EvrRtxDelayStarted  rtx_evr.o
    0x1fff856a   0x1fff856a   0x00000002   PAD
    0x1fff856c   0x1fff856c   0x00000002   Code   RO          346    .text.EvrRtxEventFlagsWaitTimeout  rtx_evr.o
    0x1fff856e   0x1fff856e   0x00000002   PAD
    0x1fff8570   0x1fff8570   0x00000002   Code   RO          134    .text.EvrRtxKernelError  rtx_evr.o
    0x1fff8572   0x1fff8572   0x00000002   PAD
    0x1fff8574   0x1fff8574   0x00000002   Code   RO          182    .text.EvrRtxKernelErrorNotify  rtx_evr.o
    0x1fff8576   0x1fff8576   0x00000002   PAD
    0x1fff8578   0x1fff8578   0x00000002   Code   RO          136    .text.EvrRtxKernelInitialize  rtx_evr.o
    0x1fff857a   0x1fff857a   0x00000002   PAD
    0x1fff857c   0x1fff857c   0x00000002   Code   RO          138    .text.EvrRtxKernelInitialized  rtx_evr.o
    0x1fff857e   0x1fff857e   0x00000002   PAD
    0x1fff8580   0x1fff8580   0x00000002   Code   RO          146    .text.EvrRtxKernelStart  rtx_evr.o
    0x1fff8582   0x1fff8582   0x00000002   PAD
    0x1fff8584   0x1fff8584   0x00000002   Code   RO          148    .text.EvrRtxKernelStarted  rtx_evr.o
    0x1fff8586   0x1fff8586   0x00000002   PAD
    0x1fff8588   0x1fff8588   0x00000002   Code   RO          124    .text.EvrRtxMemoryAlloc  rtx_evr.o
    0x1fff858a   0x1fff858a   0x00000002   PAD
    0x1fff858c   0x1fff858c   0x00000002   Code   RO          130    .text.EvrRtxMemoryBlockAlloc  rtx_evr.o
    0x1fff858e   0x1fff858e   0x00000002   PAD
    0x1fff8590   0x1fff8590   0x00000002   Code   RO          132    .text.EvrRtxMemoryBlockFree  rtx_evr.o
    0x1fff8592   0x1fff8592   0x00000002   PAD
    0x1fff8594   0x1fff8594   0x00000002   Code   RO          128    .text.EvrRtxMemoryBlockInit  rtx_evr.o
    0x1fff8596   0x1fff8596   0x00000002   PAD
    0x1fff8598   0x1fff8598   0x00000002   Code   RO          126    .text.EvrRtxMemoryFree  rtx_evr.o
    0x1fff859a   0x1fff859a   0x00000002   PAD
    0x1fff859c   0x1fff859c   0x00000002   Code   RO          122    .text.EvrRtxMemoryInit  rtx_evr.o
    0x1fff859e   0x1fff859e   0x00000002   PAD
    0x1fff85a0   0x1fff85a0   0x00000002   Code   RO          424    .text.EvrRtxMemoryPoolAllocTimeout  rtx_evr.o
    0x1fff85a2   0x1fff85a2   0x00000002   PAD
    0x1fff85a4   0x1fff85a4   0x00000002   Code   RO          452    .text.EvrRtxMessageQueueCreated  rtx_evr.o
    0x1fff85a6   0x1fff85a6   0x00000002   PAD
    0x1fff85a8   0x1fff85a8   0x00000002   Code   RO          448    .text.EvrRtxMessageQueueError  rtx_evr.o
    0x1fff85aa   0x1fff85aa   0x00000002   PAD
    0x1fff85ac   0x1fff85ac   0x00000002   Code   RO          468    .text.EvrRtxMessageQueueGet  rtx_evr.o
    0x1fff85ae   0x1fff85ae   0x00000002   PAD
    0x1fff85b0   0x1fff85b0   0x00000002   Code   RO          470    .text.EvrRtxMessageQueueGetPending  rtx_evr.o
    0x1fff85b2   0x1fff85b2   0x00000002   PAD
    0x1fff85b4   0x1fff85b4   0x00000002   Code   RO          472    .text.EvrRtxMessageQueueGetTimeout  rtx_evr.o
    0x1fff85b6   0x1fff85b6   0x00000002   PAD
    0x1fff85b8   0x1fff85b8   0x00000002   Code   RO          462    .text.EvrRtxMessageQueueInsertPending  rtx_evr.o
    0x1fff85ba   0x1fff85ba   0x00000002   PAD
    0x1fff85bc   0x1fff85bc   0x00000002   Code   RO          464    .text.EvrRtxMessageQueueInserted  rtx_evr.o
    0x1fff85be   0x1fff85be   0x00000002   PAD
    0x1fff85c0   0x1fff85c0   0x00000002   Code   RO          466    .text.EvrRtxMessageQueueNotInserted  rtx_evr.o
    0x1fff85c2   0x1fff85c2   0x00000002   PAD
    0x1fff85c4   0x1fff85c4   0x00000002   Code   RO          476    .text.EvrRtxMessageQueueNotRetrieved  rtx_evr.o
    0x1fff85c6   0x1fff85c6   0x00000002   PAD
    0x1fff85c8   0x1fff85c8   0x00000002   Code   RO          456    .text.EvrRtxMessageQueuePut  rtx_evr.o
    0x1fff85ca   0x1fff85ca   0x00000002   PAD
    0x1fff85cc   0x1fff85cc   0x00000002   Code   RO          458    .text.EvrRtxMessageQueuePutPending  rtx_evr.o
    0x1fff85ce   0x1fff85ce   0x00000002   PAD
    0x1fff85d0   0x1fff85d0   0x00000002   Code   RO          460    .text.EvrRtxMessageQueuePutTimeout  rtx_evr.o
    0x1fff85d2   0x1fff85d2   0x00000002   PAD
    0x1fff85d4   0x1fff85d4   0x00000002   Code   RO          474    .text.EvrRtxMessageQueueRetrieved  rtx_evr.o
    0x1fff85d6   0x1fff85d6   0x00000002   PAD
    0x1fff85d8   0x1fff85d8   0x00000002   Code   RO          368    .text.EvrRtxMutexAcquireTimeout  rtx_evr.o
    0x1fff85da   0x1fff85da   0x00000002   PAD
    0x1fff85dc   0x1fff85dc   0x00000002   Code   RO          370    .text.EvrRtxMutexAcquired  rtx_evr.o
    0x1fff85de   0x1fff85de   0x00000002   PAD
    0x1fff85e0   0x1fff85e0   0x00000002   Code   RO          376    .text.EvrRtxMutexReleased  rtx_evr.o
    0x1fff85e2   0x1fff85e2   0x00000002   PAD
    0x1fff85e4   0x1fff85e4   0x00000002   Code   RO          396    .text.EvrRtxSemaphoreAcquireTimeout  rtx_evr.o
    0x1fff85e6   0x1fff85e6   0x00000002   PAD
    0x1fff85e8   0x1fff85e8   0x00000002   Code   RO          232    .text.EvrRtxThreadBlocked  rtx_evr.o
    0x1fff85ea   0x1fff85ea   0x00000002   PAD
    0x1fff85ec   0x1fff85ec   0x00000002   Code   RO          190    .text.EvrRtxThreadCreated  rtx_evr.o
    0x1fff85ee   0x1fff85ee   0x00000002   PAD
    0x1fff85f0   0x1fff85f0   0x00000002   Code   RO          244    .text.EvrRtxThreadDestroyed  rtx_evr.o
    0x1fff85f2   0x1fff85f2   0x00000002   PAD
    0x1fff85f4   0x1fff85f4   0x00000002   Code   RO          186    .text.EvrRtxThreadError  rtx_evr.o
    0x1fff85f6   0x1fff85f6   0x00000002   PAD
    0x1fff85f8   0x1fff85f8   0x00000002   Code   RO          240    .text.EvrRtxThreadExit  rtx_evr.o
    0x1fff85fa   0x1fff85fa   0x00000002   PAD
    0x1fff85fc   0x1fff85fc   0x00000002   Code   RO          284    .text.EvrRtxThreadFlagsWaitCompleted  rtx_evr.o
    0x1fff85fe   0x1fff85fe   0x00000002   PAD
    0x1fff8600   0x1fff8600   0x00000002   Code   RO          282    .text.EvrRtxThreadFlagsWaitTimeout  rtx_evr.o
    0x1fff8602   0x1fff8602   0x00000002   PAD
    0x1fff8604   0x1fff8604   0x00000002   Code   RO          230    .text.EvrRtxThreadJoined  rtx_evr.o
    0x1fff8606   0x1fff8606   0x00000002   PAD
    0x1fff8608   0x1fff8608   0x00000002   Code   RO          188    .text.EvrRtxThreadNew  rtx_evr.o
    0x1fff860a   0x1fff860a   0x00000002   PAD
    0x1fff860c   0x1fff860c   0x00000002   Code   RO          236    .text.EvrRtxThreadPreempted  rtx_evr.o
    0x1fff860e   0x1fff860e   0x00000002   PAD
    0x1fff8610   0x1fff8610   0x00000002   Code   RO          238    .text.EvrRtxThreadSwitched  rtx_evr.o
    0x1fff8612   0x1fff8612   0x00000002   PAD
    0x1fff8614   0x1fff8614   0x00000002   Code   RO          234    .text.EvrRtxThreadUnblocked  rtx_evr.o
    0x1fff8616   0x1fff8616   0x00000002   PAD
    0x1fff8618   0x1fff8618   0x00000002   Code   RO          302    .text.EvrRtxTimerCallback  rtx_evr.o
    0x1fff861a   0x1fff861a   0x00000002   PAD
    0x1fff861c   0x1fff861c   0x00000004   Code   RO         1055    .text.InitRetargetIOUSART  retarget_io_user.o
    0x1fff8620   0x1fff8620   0x0000000c   Code   RO           40    .text.OS_Tick_AcknowledgeIRQ  os_systick.o
    0x1fff862c   0x1fff862c   0x00000032   Code   RO           36    .text.OS_Tick_Enable  os_systick.o
    0x1fff865e   0x1fff865e   0x00000002   PAD
    0x1fff8660   0x1fff8660   0x00000006   Code   RO           42    .text.OS_Tick_GetIRQn  os_systick.o
    0x1fff8666   0x1fff8666   0x00000002   PAD
    0x1fff8668   0x1fff8668   0x00000048   Code   RO           34    .text.OS_Tick_Setup  os_systick.o
    0x1fff86b0   0x1fff86b0   0x00000014   Code   RO         1088    .text.SystemCoreClockUpdate  system_iMX7D_M4.o
    0x1fff86c4   0x1fff86c4   0x0000001e   Code   RO         1086    .text.SystemInit    system_iMX7D_M4.o
    0x1fff86e2   0x1fff86e2   0x00000002   PAD
    0x1fff86e4   0x1fff86e4   0x000000c4   Code   RO         1163    .text.UART_Init     uart_imx.o
    0x1fff87a8   0x1fff87a8   0x00000108   Code   RO         1167    .text.UART_SetBaudRate  uart_imx.o
    0x1fff88b0   0x1fff88b0   0x000000b0   Code   RO           20    .text.__aeabi_assert  retarget_io.o
    0x1fff8960   0x1fff8960   0x00000002   Code   RO           22    .text.abort         retarget_io.o
    0x1fff8962   0x1fff8962   0x00000002   PAD
    0x1fff8964   0x1fff8964   0x00000032   Code   RO         1045    .text.configure_uart_pins  pin_mux.o
    0x1fff8996   0x1fff8996   0x00000002   PAD
    0x1fff8998   0x1fff8998   0x0000007e   Code   RO         1012    .text.dbg_uart_init  board.o
    0x1fff8a16   0x1fff8a16   0x00000002   PAD
    0x1fff8a18   0x1fff8a18   0x00000026   Code   RO           14    .text.fputc         retarget_io.o
    0x1fff8a3e   0x1fff8a3e   0x00000002   PAD
    0x1fff8a40   0x1fff8a40   0x00000070   Code   RO         1031    .text.get_uart_clock_freq  clock_freq.o
    0x1fff8ab0   0x1fff8ab0   0x0000002a   Code   RO            4    .text.main          main.o
    0x1fff8ada   0x1fff8ada   0x00000002   PAD
    0x1fff8adc   0x1fff8adc   0x00000036   Code   RO           68    .text.osDelay       rtx_delay.o
    0x1fff8b12   0x1fff8b12   0x00000002   PAD
    0x1fff8b14   0x1fff8b14   0x00000036   Code   RO          505    .text.osKernelInitialize  rtx_kernel.o
    0x1fff8b4a   0x1fff8b4a   0x00000002   PAD
    0x1fff8b4c   0x1fff8b4c   0x00000032   Code   RO          515    .text.osKernelStart  rtx_kernel.o
    0x1fff8b7e   0x1fff8b7e   0x00000002   PAD
    0x1fff8b80   0x1fff8b80   0x000000d4   Code   RO          671    .text.osMessageQueueGet  rtx_msgqueue.o
    0x1fff8c54   0x1fff8c54   0x000000a6   Code   RO          669    .text.osMessageQueuePut  rtx_msgqueue.o
    0x1fff8cfa   0x1fff8cfa   0x00000002   PAD
    0x1fff8cfc   0x1fff8cfc   0x00000002   Code   RO         1001    .text.osRtxErrorNotify  RTX_Config.o
    0x1fff8cfe   0x1fff8cfe   0x00000002   PAD
    0x1fff8d00   0x1fff8d00   0x00000002   Code   RO          999    .text.osRtxIdleThread  RTX_Config.o
    0x1fff8d02   0x1fff8d02   0x00000002   PAD
    0x1fff8d04   0x1fff8d04   0x00000002   Code   RO          501    .text.osRtxKernelBeforeInit  rtx_kernel.o
    0x1fff8d06   0x1fff8d06   0x00000002   PAD
    0x1fff8d08   0x1fff8d08   0x00000016   Code   RO          503    .text.osRtxKernelErrorNotify  rtx_kernel.o
    0x1fff8d1e   0x1fff8d1e   0x00000002   PAD
    0x1fff8d20   0x1fff8d20   0x00000080   Code   RO          595    .text.osRtxMemoryAlloc  rtx_memory.o
    0x1fff8da0   0x1fff8da0   0x00000058   Code   RO          597    .text.osRtxMemoryFree  rtx_memory.o
    0x1fff8df8   0x1fff8df8   0x00000040   Code   RO          593    .text.osRtxMemoryInit  rtx_memory.o
    0x1fff8e38   0x1fff8e38   0x00000044   Code   RO          609    .text.osRtxMemoryPoolAlloc  rtx_mempool.o
    0x1fff8e7c   0x1fff8e7c   0x00000056   Code   RO          611    .text.osRtxMemoryPoolFree  rtx_mempool.o
    0x1fff8ed2   0x1fff8ed2   0x00000002   PAD
    0x1fff8ed4   0x1fff8ed4   0x00000056   Code   RO          607    .text.osRtxMemoryPoolInit  rtx_mempool.o
    0x1fff8f2a   0x1fff8f2a   0x00000002   PAD
    0x1fff8f2c   0x1fff8f2c   0x000001bc   Code   RO          693    .text.osRtxMessageQueuePostProcess  rtx_msgqueue.o
    0x1fff90e8   0x1fff90e8   0x0000002c   Code   RO          659    .text.osRtxMessageQueueTimerSetup  rtx_msgqueue.o
    0x1fff9114   0x1fff9114   0x00000064   Code   RO          711    .text.osRtxMutexOwnerRelease  rtx_mutex.o
    0x1fff9178   0x1fff9178   0x00000050   Code   RO          713    .text.osRtxMutexOwnerRestore  rtx_mutex.o
    0x1fff91c8   0x1fff91c8   0x000000ac   Code   RO          783    .text.osRtxPendSV_Handler  rtx_system.o
    0x1fff9274   0x1fff9274   0x00000076   Code   RO          785    .text.osRtxPostProcess  rtx_system.o
    0x1fff92ea   0x1fff92ea   0x00000002   PAD
    0x1fff92ec   0x1fff92ec   0x00000002   Code   RO          827    .text.osRtxThreadBeforeFree  rtx_thread.o
    0x1fff92ee   0x1fff92ee   0x00000002   PAD
    0x1fff92f0   0x1fff92f0   0x00000164   Code   RO          807    .text.osRtxThreadDelayTick  rtx_thread.o
    0x1fff9454   0x1fff9454   0x00000114   Code   RO          813    .text.osRtxThreadDispatch  rtx_thread.o
    0x1fff9568   0x1fff9568   0x00000066   Code   RO          825    .text.osRtxThreadFree  rtx_thread.o
    0x1fff95ce   0x1fff95ce   0x00000002   PAD
    0x1fff95d0   0x1fff95d0   0x00000014   Code   RO          797    .text.osRtxThreadListGet  rtx_thread.o
    0x1fff95e4   0x1fff95e4   0x0000002c   Code   RO          795    .text.osRtxThreadListPut  rtx_thread.o
    0x1fff9610   0x1fff9610   0x0000001a   Code   RO          801    .text.osRtxThreadListRemove  rtx_thread.o
    0x1fff962a   0x1fff962a   0x00000002   PAD
    0x1fff962c   0x1fff962c   0x0000006a   Code   RO          799    .text.osRtxThreadListSort  rtx_thread.o
    0x1fff9696   0x1fff9696   0x00000002   PAD
    0x1fff9698   0x1fff9698   0x0000009c   Code   RO          907    .text.osRtxThreadPostProcess  rtx_thread.o
    0x1fff9734   0x1fff9734   0x0000003c   Code   RO          803    .text.osRtxThreadReadyPut  rtx_thread.o
    0x1fff9770   0x1fff9770   0x00000014   Code   RO          809    .text.osRtxThreadRegPtr  rtx_thread.o
    0x1fff9784   0x1fff9784   0x00000020   Code   RO          819    .text.osRtxThreadStackCheck  rtx_thread.o
    0x1fff97a4   0x1fff97a4   0x0000004a   Code   RO          829    .text.osRtxThreadStartup  rtx_thread.o
    0x1fff97ee   0x1fff97ee   0x00000002   PAD
    0x1fff97f0   0x1fff97f0   0x00000024   Code   RO          811    .text.osRtxThreadSwitch  rtx_thread.o
    0x1fff9814   0x1fff9814   0x000000fa   Code   RO          817    .text.osRtxThreadWaitEnter  rtx_thread.o
    0x1fff990e   0x1fff990e   0x00000002   PAD
    0x1fff9910   0x1fff9910   0x000000a4   Code   RO          815    .text.osRtxThreadWaitExit  rtx_thread.o
    0x1fff99b4   0x1fff99b4   0x00000084   Code   RO          781    .text.osRtxTick_Handler  rtx_system.o
    0x1fff9a38   0x1fff9a38   0x00000026   Code   RO          961    .text.osRtxTimerSetup  rtx_timer.o
    0x1fff9a5e   0x1fff9a5e   0x00000002   PAD
    0x1fff9a60   0x1fff9a60   0x0000002a   Code   RO          965    .text.osRtxTimerThread  rtx_timer.o
    0x1fff9a8a   0x1fff9a8a   0x00000002   PAD
    0x1fff9a8c   0x1fff9a8c   0x000000c6   Code   RO          963    .text.osRtxTimerTick  rtx_timer.o
    0x1fff9b52   0x1fff9b52   0x00000002   PAD
    0x1fff9b54   0x1fff9b54   0x00000006   Code   RO          905    .text.osThreadEntry  rtx_thread.o
    0x1fff9b5a   0x1fff9b5a   0x00000002   PAD
    0x1fff9b5c   0x1fff9b5c   0x0000001a   Code   RO          871    .text.osThreadExit  rtx_thread.o
    0x1fff9b76   0x1fff9b76   0x00000002   PAD
    0x1fff9b78   0x1fff9b78   0x00000040   Code   RO          833    .text.osThreadNew   rtx_thread.o
    0x1fff9bb8   0x1fff9bb8   0x00000016   Code   RO         1061    .text.stderr_putchar  retarget_io_user.o
    0x1fff9bce   0x1fff9bce   0x00000002   PAD
    0x1fff9bd0   0x1fff9bd0   0x00000016   Code   RO         1059    .text.stdout_putchar  retarget_io_user.o
    0x1fff9be6   0x1fff9be6   0x00000002   PAD
    0x1fff9be8   0x1fff9be8   0x00000034   Code   RO           72    .text.svcRtxDelay   rtx_delay.o
    0x1fff9c1c   0x1fff9c1c   0x0000015c   Code   RO          551    .text.svcRtxKernelInitialize  rtx_kernel.o
    0x1fff9d78   0x1fff9d78   0x0000009e   Code   RO          553    .text.svcRtxKernelStart  rtx_kernel.o
    0x1fff9e16   0x1fff9e16   0x00000002   PAD
    0x1fff9e18   0x1fff9e18   0x000001c0   Code   RO          697    .text.svcRtxMessageQueueGet  rtx_msgqueue.o
    0x1fff9fd8   0x1fff9fd8   0x0000016a   Code   RO          661    .text.svcRtxMessageQueueNew  rtx_msgqueue.o
    0x1fffa142   0x1fffa142   0x00000002   PAD
    0x1fffa144   0x1fffa144   0x00000146   Code   RO          695    .text.svcRtxMessageQueuePut  rtx_msgqueue.o
    0x1fffa28a   0x1fffa28a   0x00000002   PAD
    0x1fffa28c   0x1fffa28c   0x000000c4   Code   RO          929    .text.svcRtxThreadExit  rtx_thread.o
    0x1fffa350   0x1fffa350   0x00000258   Code   RO          831    .text.svcRtxThreadNew  rtx_thread.o
    0x1fffa5a8   0x1fffa5a8   0x00000038   Code   RO            2    .text.threadA       main.o
    0x1fffa5e0   0x1fffa5e0   0x0000000e   Code   RO         1265    i.__scatterload_copy  mc_w.l(handlers.o)
    0x1fffa5ee   0x1fffa5ee   0x00000002   Code   RO         1266    i.__scatterload_null  mc_w.l(handlers.o)
    0x1fffa5f0   0x1fffa5f0   0x0000000e   Code   RO         1267    i.__scatterload_zeroinit  mc_w.l(handlers.o)
    0x1fffa5fe   0x1fffa5fe   0x00000018   Code   RO         1226    i.fputs             mc_w.l(fputs.o)
    0x1fffa616   0x1fffa616   0x00000028   Code   RO         1230    i.fwrite            mc_w.l(fwrite.o)
    0x1fffa63e   0x1fffa63e   0x00000002   PAD
    0x1fffa640   0x1fffa640   0x00000024   Code   RO         1228    i.puts              mc_w.l(puts.o)
    0x1fffa664   0x1fffa664   0x00000070   Data   RO          579    .rodata             rtx_lib.o
    0x1fffa6d4   0x1fffa6d4   0x00000038   Data   RO          582    .rodata             rtx_lib.o
    0x1fffa70c   0x1fffa70c   0x00000004   Data   RO          581    .rodata.osRtxUserSVC  rtx_lib.o
    0x1fffa710   0x1fffa710   0x00000024   Data   RO          576    .rodata.os_idle_thread_attr  rtx_lib.o
    0x1fffa734   0x1fffa734   0x00000018   Data   RO          578    .rodata.os_timer_mq_attr  rtx_lib.o
    0x1fffa74c   0x1fffa74c   0x00000024   Data   RO          577    .rodata.os_timer_thread_attr  rtx_lib.o
    0x1fffa770   0x1fffa770   0x00000059   Data   RO         1117    .rodata.str1.1      ccm_imx7d.o
    0x1fffa7c9   0x1fffa7c9   0x0000009c   Data   RO         1215    .rodata.str1.1      uart_imx.o
    0x1fffa865   0x1fffa865   0x00000003   PAD
    0x1fffa868   0x1fffa868   0x0000000b   Data   RO          565    .rodata.str1.4      rtx_kernel.o
    0x1fffa873   0x1fffa873   0x00000001   PAD
    0x1fffa874   0x1fffa874   0x00000020   Data   RO         1264    Region$$Table       anon$$obj.o


    Execution Region RW_IRAM1 (Exec base: 0x20000000, Load base: 0x1fffa898, Size: 0x00002a20, Max: 0x00008000, ABSOLUTE)

    Exec Addr    Load Addr    Size         Type   Attr      Idx    E Section Name        Object

    0x20000000   0x1fffa898   0x00000004   Data   RW         1239    .data               mc_w.l(stdout.o)
    0x20000004   0x1fffa89c   0x00000004   Data   RW         1240    .data               mc_w.l(stderr.o)
    0x20000008   0x1fffa8a0   0x00000004   Data   RW         1090    .data.SystemCoreClock  system_iMX7D_M4.o
    0x2000000c   0x1fffa8a4   0x000000a4   Data   RW          566    .data.os            rtx_kernel.o
    0x200000b0        -       0x00000001   Zero   RW           52    .bss.os             os_systick.o
    0x200000b1   0x1fffa948   0x00000007   PAD
    0x200000b8        -       0x00002040   Zero   RW          575    .bss.os             rtx_lib.o
    0x200020f8        -       0x00000034   Zero   RW          586    .bss.os.msgqueue.cb  rtx_lib.o
    0x2000212c        -       0x00000050   Zero   RW          587    .bss.os.msgqueue.mem  rtx_lib.o
    0x2000217c        -       0x000000a0   Zero   RW          583    .bss.os.thread.cb   rtx_lib.o
    0x2000221c   0x1fffa948   0x00000004   PAD
    0x20002220        -       0x00000200   Zero   RW          584    .bss.os.thread.idle.stack  rtx_lib.o
    0x20002420        -       0x00000200   Zero   RW          585    .bss.os.thread.timer.stack  rtx_lib.o
    0x20002620        -       0x00000400   Zero   RW         1076    STACK               startup_iMX7D_M4.o


==============================================================================

Image component sizes


      Code (inc. data)   RO Data    RW Data    ZI Data      Debug   Object Name

         4          0          0          0          0        839   RTX_Config.o
       292          0          0          0          0     100814   board.o
        48          0          0          0          0       3836   ccm_analog_imx7d.o
       144         12         89          0          0      91793   ccm_imx7d.o
       112          0          0          0          0      98269   clock_freq.o
       256         16          0          0          0        738   irq_armv7m.o
        98         32          0          0          0       2376   main.o
       140          0          0          0          1       5871   os_systick.o
        50          0          0          0          0      22535   pin_mux.o
       216         40          0          0          0       2367   retarget_io.o
        48          0          0          0          0       2614   retarget_io_user.o
       106          0          0          0          0       3183   rtx_delay.o
        96          0          0          0          0      25120   rtx_evr.o
       634          0         11        164          0      22891   rtx_kernel.o
         0          0        268          0       9572       5599   rtx_lib.o
       280          0          0          0          0       2840   rtx_memory.o
       240          0          0          0          0      19715   rtx_mempool.o
      2002          0          0          0          0      24117   rtx_msgqueue.o
       180          0          0          0          0      11580   rtx_mutex.o
       422         36          0          0          0       5535   rtx_system.o
      2616         10          0          0          0      52725   rtx_thread.o
       278          0          0          0          0      12138   rtx_timer.o
        40          8        576          0       1024        996   startup_iMX7D_M4.o
        50          0          0          4          0       1625   system_iMX7D_M4.o
       460         36        156          0          0       8596   uart_imx.o

    ----------------------------------------------------------------------
      8980        190       1136        168      10608     528712   Object Totals
         0          0         32          0          0          0   (incl. Generated)
       168          0          4          0         11          0   (incl. Padding)

    ----------------------------------------------------------------------

      Code (inc. data)   RO Data    RW Data    ZI Data      Debug   Library Member Name

         0          0          0          0          0          0   entry.o
         0          0          0          0          0          0   entry10a.o
         0          0          0          0          0          0   entry11a.o
         8          4          0          0          0          0   entry2.o
         4          0          0          0          0          0   entry5.o
         0          0          0          0          0          0   entry7b.o
         0          0          0          0          0          0   entry8b.o
         8          4          0          0          0          0   entry9a.o
        24          0          0          0          0         80   fputs.o
        40          0          0          0          0         84   fwrite.o
        30          0          0          0          0          0   handlers.o
        48         10          0          0          0         68   init.o
        36          0          0          0          0         68   memcpya.o
        36          0          0          0          0        108   memseta.o
        36          6          0          0          0         80   puts.o
         0          0          0          4          0          0   stderr.o
         0          0          0          4          0          0   stdout.o

    ----------------------------------------------------------------------
       272         24          0          8          0        488   Library Totals
         2          0          0          0          0          0   (incl. Padding)

    ----------------------------------------------------------------------

      Code (inc. data)   RO Data    RW Data    ZI Data      Debug   Library Name

       270         24          0          8          0        488   mc_w.l

    ----------------------------------------------------------------------
       272         24          0          8          0        488   Library Totals

    ----------------------------------------------------------------------

==============================================================================


      Code (inc. data)   RO Data    RW Data    ZI Data      Debug   

      9252        214       1136        176      10608     528828   Grand Totals
      9252        214       1136        176      10608     528828   ELF Image Totals
      9252        214       1136        176          0          0   ROM Totals

==============================================================================

    Total RO  Size (Code + RO Data)                10388 (  10.14kB)
    Total RW  Size (RW Data + ZI Data)             10784 (  10.53kB)
    Total ROM Size (Code + RO Data + RW Data)      10564 (  10.32kB)

==============================================================================

